Java HotSpot(TM) 64-Bit Server VM (25.161-b12) for windows-amd64 JRE (1.8.0_161-b12), built on Dec 19 2017 17:52:25 by "java_re" with MS VC++ 10.0 (VS2010)
Memory: 4k page, physical 6272880k(2389844k free), swap 12543884k(7416904k free)
CommandLine flags: -XX:GCLogFileSize=1048576 -XX:InitialHeapSize=268435456 -XX:MaxHeapSize=268435456 -XX:MaxNewSize=89481216 -XX:MaxTenuringThreshold=6 -XX:NewSize=89481216 -XX:OldPLABSize=16 -XX:OldSize=178954240 -XX:+PrintGC -XX:+PrintGCDateStamps -XX:+PrintGCDetails -XX:+PrintGCTimeStamps -XX:+UseCompressedClassPointers -XX:+UseCompressedOops -XX:+UseConcMarkSweepGC -XX:-UseLargePagesIndividualAllocation -XX:+UseParNewGC 
2018-03-10T15:11:53.548+0300: 2.512: [GC (Allocation Failure) 2018-03-10T15:11:53.548+0300: 2.512: [ParNew: 69952K->8704K(78656K), 0.0171140 secs] 69952K->18814K(253440K), 0.0173567 secs] [Times: user=0.00 sys=0.03, real=0.02 secs] 
2018-03-10T15:11:55.587+0300: 4.551: [GC (Allocation Failure) 2018-03-10T15:11:55.587+0300: 4.551: [ParNew: 78656K->8704K(78656K), 0.0381199 secs] 88766K->46291K(253440K), 0.0381913 secs] [Times: user=0.02 sys=0.06, real=0.04 secs] 
2018-03-10T15:11:57.699+0300: 6.663: [GC (Allocation Failure) 2018-03-10T15:11:57.699+0300: 6.663: [ParNew: 78656K->8704K(78656K), 0.0289960 secs] 116243K->76415K(253440K), 0.0290812 secs] [Times: user=0.03 sys=0.00, real=0.03 secs] 
2018-03-10T15:11:59.754+0300: 8.718: [GC (Allocation Failure) 2018-03-10T15:11:59.754+0300: 8.718: [ParNew: 78656K->8704K(78656K), 0.0340610 secs] 146367K->109610K(253440K), 0.0341463 secs] [Times: user=0.08 sys=0.00, real=0.03 secs] 
2018-03-10T15:11:59.788+0300: 8.752: [GC (CMS Initial Mark) [1 CMS-initial-mark: 100906K(174784K)] 111012K(253440K), 0.0003280 secs] [Times: user=0.00 sys=0.00, real=0.00 secs] 
2018-03-10T15:11:59.788+0300: 8.753: [CMS-concurrent-mark-start]
2018-03-10T15:11:59.797+0300: 8.762: [CMS-concurrent-mark: 0.009/0.009 secs] [Times: user=0.03 sys=0.00, real=0.01 secs] 
2018-03-10T15:11:59.797+0300: 8.762: [CMS-concurrent-preclean-start]
2018-03-10T15:11:59.798+0300: 8.763: [CMS-concurrent-preclean: 0.001/0.001 secs] [Times: user=0.00 sys=0.00, real=0.00 secs] 
2018-03-10T15:11:59.798+0300: 8.763: [CMS-concurrent-abortable-preclean-start]
2018-03-10T15:12:01.934+0300: 10.899: [GC (Allocation Failure) 2018-03-10T15:12:01.934+0300: 10.899: [ParNew2018-03-10T15:12:01.956+0300: 10.920: [CMS-concurrent-abortable-preclean: 0.110/2.157 secs] [Times: user=0.61 sys=0.31, real=2.16 secs] 
: 78656K->8704K(78656K), 0.0306568 secs] 179562K->140230K(253440K), 0.0307505 secs] [Times: user=0.00 sys=0.06, real=0.03 secs] 
2018-03-10T15:12:01.965+0300: 10.929: [GC (CMS Final Remark) [YG occupancy: 10033 K (78656 K)]2018-03-10T15:12:01.965+0300: 10.929: [Rescan (parallel) , 0.0014413 secs]2018-03-10T15:12:01.966+0300: 10.931: [weak refs processing, 0.0000286 secs]2018-03-10T15:12:01.966+0300: 10.931: [class unloading, 0.0012097 secs]2018-03-10T15:12:01.968+0300: 10.932: [scrub symbol table, 0.0017724 secs]2018-03-10T15:12:01.969+0300: 10.934: [scrub string table, 0.0003873 secs][1 CMS-remark: 131526K(174784K)] 141560K(253440K), 0.0050874 secs] [Times: user=0.00 sys=0.00, real=0.01 secs] 
2018-03-10T15:12:01.970+0300: 10.935: [CMS-concurrent-sweep-start]
2018-03-10T15:12:01.978+0300: 10.943: [CMS-concurrent-sweep: 0.008/0.008 secs] [Times: user=0.03 sys=0.01, real=0.01 secs] 
2018-03-10T15:12:01.978+0300: 10.943: [CMS-concurrent-reset-start]
2018-03-10T15:12:01.978+0300: 10.943: [CMS-concurrent-reset: 0.000/0.000 secs] [Times: user=0.00 sys=0.00, real=0.00 secs] 
2018-03-10T15:12:03.993+0300: 12.958: [GC (CMS Initial Mark) [1 CMS-initial-mark: 96962K(174784K)] 158410K(253440K), 0.0029112 secs] [Times: user=0.00 sys=0.00, real=0.00 secs] 
2018-03-10T15:12:03.996+0300: 12.961: [CMS-concurrent-mark-start]
2018-03-10T15:12:04.016+0300: 12.981: [CMS-concurrent-mark: 0.020/0.020 secs] [Times: user=0.00 sys=0.00, real=0.02 secs] 
2018-03-10T15:12:04.017+0300: 12.981: [CMS-concurrent-preclean-start]
2018-03-10T15:12:04.017+0300: 12.982: [CMS-concurrent-preclean: 0.001/0.001 secs] [Times: user=0.00 sys=0.00, real=0.00 secs] 
2018-03-10T15:12:04.018+0300: 12.982: [CMS-concurrent-abortable-preclean-start]
2018-03-10T15:12:04.036+0300: 13.001: [GC (Allocation Failure) 2018-03-10T15:12:04.036+0300: 13.001: [ParNew: 78656K->8704K(78656K), 0.0889286 secs] 175618K->137933K(253440K), 0.0890169 secs] [Times: user=0.05 sys=0.00, real=0.09 secs] 
2018-03-10T15:12:05.272+0300: 14.237: [CMS-concurrent-abortable-preclean: 0.184/1.255 secs] [Times: user=0.33 sys=0.22, real=1.26 secs] 
2018-03-10T15:12:05.273+0300: 14.237: [GC (CMS Final Remark) [YG occupancy: 59078 K (78656 K)]2018-03-10T15:12:05.273+0300: 14.238: [Rescan (parallel) , 0.0016296 secs]2018-03-10T15:12:05.274+0300: 14.239: [weak refs processing, 0.0000205 secs]2018-03-10T15:12:05.274+0300: 14.239: [class unloading, 0.0012258 secs]2018-03-10T15:12:05.276+0300: 14.240: [scrub symbol table, 0.0010067 secs]2018-03-10T15:12:05.277+0300: 14.241: [scrub string table, 0.0002512 secs][1 CMS-remark: 129229K(174784K)] 188308K(253440K), 0.0043618 secs] [Times: user=0.00 sys=0.00, real=0.00 secs] 
2018-03-10T15:12:05.277+0300: 14.242: [CMS-concurrent-sweep-start]
2018-03-10T15:12:05.284+0300: 14.249: [CMS-concurrent-sweep: 0.007/0.007 secs] [Times: user=0.00 sys=0.00, real=0.01 secs] 
2018-03-10T15:12:05.284+0300: 14.249: [CMS-concurrent-reset-start]
2018-03-10T15:12:05.285+0300: 14.249: [CMS-concurrent-reset: 0.000/0.000 secs] [Times: user=0.03 sys=0.00, real=0.00 secs] 
2018-03-10T15:12:06.188+0300: 15.153: [GC (Allocation Failure) 2018-03-10T15:12:06.188+0300: 15.153: [ParNew: 78656K->8704K(78656K), 0.0256618 secs] 178430K->141974K(253440K), 0.0257421 secs] [Times: user=0.08 sys=0.00, real=0.03 secs] 
2018-03-10T15:12:06.214+0300: 15.179: [GC (CMS Initial Mark) [1 CMS-initial-mark: 133270K(174784K)] 144015K(253440K), 0.0003641 secs] [Times: user=0.00 sys=0.00, real=0.00 secs] 
2018-03-10T15:12:06.214+0300: 15.179: [CMS-concurrent-mark-start]
2018-03-10T15:12:06.227+0300: 15.192: [CMS-concurrent-mark: 0.013/0.013 secs] [Times: user=0.03 sys=0.00, real=0.01 secs] 
2018-03-10T15:12:06.227+0300: 15.192: [CMS-concurrent-preclean-start]
2018-03-10T15:12:06.228+0300: 15.193: [CMS-concurrent-preclean: 0.000/0.000 secs] [Times: user=0.00 sys=0.00, real=0.00 secs] 
2018-03-10T15:12:06.228+0300: 15.193: [CMS-concurrent-abortable-preclean-start]
2018-03-10T15:12:08.302+0300: 17.266: [GC (Allocation Failure) 2018-03-10T15:12:08.302+0300: 17.266: [ParNew2018-03-10T15:12:08.314+0300: 17.278: [CMS-concurrent-abortable-preclean: 0.086/2.085 secs] [Times: user=0.17 sys=0.00, real=2.09 secs] 
 (promotion failed): 78656K->78656K(78656K), 0.0330762 secs]2018-03-10T15:12:08.335+0300: 17.299: [CMS (concurrent mode failure): 166819K->144477K(174784K), 0.0630726 secs] 211926K->144477K(253440K), [Metaspace: 9351K->9351K(1058816K)], 0.0962787 secs] [Times: user=0.09 sys=0.02, real=0.10 secs] 
2018-03-10T15:12:10.399+0300: 19.363: [GC (CMS Initial Mark) [1 CMS-initial-mark: 144477K(174784K)] 183062K(253440K), 0.0008059 secs] [Times: user=0.00 sys=0.00, real=0.00 secs] 
2018-03-10T15:12:10.399+0300: 19.364: [CMS-concurrent-mark-start]
2018-03-10T15:12:10.411+0300: 19.375: [CMS-concurrent-mark: 0.012/0.012 secs] [Times: user=0.02 sys=0.00, real=0.01 secs] 
2018-03-10T15:12:10.411+0300: 19.375: [CMS-concurrent-preclean-start]
2018-03-10T15:12:10.412+0300: 19.376: [CMS-concurrent-preclean: 0.001/0.001 secs] [Times: user=0.00 sys=0.00, real=0.00 secs] 
2018-03-10T15:12:10.412+0300: 19.376: [CMS-concurrent-abortable-preclean-start]
2018-03-10T15:12:10.412+0300: 19.376: [CMS-concurrent-abortable-preclean: 0.000/0.000 secs] [Times: user=0.00 sys=0.00, real=0.00 secs] 
2018-03-10T15:12:10.412+0300: 19.376: [GC (CMS Final Remark) [YG occupancy: 38585 K (78656 K)]2018-03-10T15:12:10.412+0300: 19.376: [Rescan (parallel) , 0.0012360 secs]2018-03-10T15:12:10.414+0300: 19.378: [weak refs processing, 0.0000272 secs]2018-03-10T15:12:10.414+0300: 19.378: [class unloading, 0.0013034 secs]2018-03-10T15:12:10.415+0300: 19.379: [scrub symbol table, 0.0010085 secs]2018-03-10T15:12:10.416+0300: 19.380: [scrub string table, 0.0002588 secs][1 CMS-remark: 144477K(174784K)] 183062K(253440K), 0.0039562 secs] [Times: user=0.00 sys=0.00, real=0.00 secs] 
2018-03-10T15:12:10.416+0300: 19.380: [CMS-concurrent-sweep-start]
2018-03-10T15:12:10.422+0300: 19.386: [CMS-concurrent-sweep: 0.006/0.006 secs] [Times: user=0.01 sys=0.00, real=0.01 secs] 
2018-03-10T15:12:10.422+0300: 19.386: [CMS-concurrent-reset-start]
2018-03-10T15:12:10.423+0300: 19.387: [CMS-concurrent-reset: 0.000/0.000 secs] [Times: user=0.00 sys=0.00, real=0.00 secs] 
2018-03-10T15:12:10.902+0300: 19.866: [GC (Allocation Failure) 2018-03-10T15:12:10.902+0300: 19.866: [ParNew: 69952K->8704K(78656K), 0.0163420 secs] 198632K->163011K(253440K), 0.0164130 secs] [Times: user=0.03 sys=0.00, real=0.02 secs] 
2018-03-10T15:12:10.920+0300: 19.885: [GC (CMS Initial Mark) [1 CMS-initial-mark: 154307K(174784K)] 163556K(253440K), 0.0006809 secs] [Times: user=0.00 sys=0.00, real=0.00 secs] 
2018-03-10T15:12:10.921+0300: 19.885: [CMS-concurrent-mark-start]
2018-03-10T15:12:10.949+0300: 19.913: [CMS-concurrent-mark: 0.028/0.028 secs] [Times: user=0.03 sys=0.00, real=0.03 secs] 
2018-03-10T15:12:10.949+0300: 19.913: [CMS-concurrent-preclean-start]
2018-03-10T15:12:10.949+0300: 19.914: [CMS-concurrent-preclean: 0.001/0.001 secs] [Times: user=0.00 sys=0.00, real=0.00 secs] 
2018-03-10T15:12:11.009+0300: 19.973: [GC (CMS Final Remark) [YG occupancy: 9249 K (78656 K)]2018-03-10T15:12:11.009+0300: 19.973: [Rescan (parallel) , 0.0288817 secs]2018-03-10T15:12:11.038+0300: 20.002: [weak refs processing, 0.0000317 secs]2018-03-10T15:12:11.038+0300: 20.002: [class unloading, 0.0018331 secs]2018-03-10T15:12:11.039+0300: 20.004: [scrub symbol table, 0.0019174 secs]2018-03-10T15:12:11.041+0300: 20.006: [scrub string table, 0.0004360 secs][1 CMS-remark: 154307K(174784K)] 163556K(253440K), 0.0333257 secs] [Times: user=0.08 sys=0.00, real=0.03 secs] 
2018-03-10T15:12:11.042+0300: 20.006: [CMS-concurrent-sweep-start]
2018-03-10T15:12:11.050+0300: 20.014: [CMS-concurrent-sweep: 0.008/0.008 secs] [Times: user=0.00 sys=0.00, real=0.01 secs] 
2018-03-10T15:12:11.050+0300: 20.014: [CMS-concurrent-reset-start]
2018-03-10T15:12:11.051+0300: 20.015: [CMS-concurrent-reset: 0.000/0.000 secs] [Times: user=0.00 sys=0.00, real=0.00 secs] 
2018-03-10T15:12:13.051+0300: 22.015: [GC (CMS Initial Mark) [1 CMS-initial-mark: 145116K(174784K)] 218757K(253440K), 0.0018018 secs] [Times: user=0.00 sys=0.00, real=0.00 secs] 
2018-03-10T15:12:13.052+0300: 22.017: [CMS-concurrent-mark-start]
2018-03-10T15:12:13.062+0300: 22.026: [CMS-concurrent-mark: 0.009/0.009 secs] [Times: user=0.02 sys=0.00, real=0.01 secs] 
2018-03-10T15:12:13.062+0300: 22.026: [CMS-concurrent-preclean-start]
2018-03-10T15:12:13.063+0300: 22.027: [CMS-concurrent-preclean: 0.001/0.001 secs] [Times: user=0.00 sys=0.00, real=0.00 secs] 
2018-03-10T15:12:13.063+0300: 22.027: [CMS-concurrent-abortable-preclean-start]
2018-03-10T15:12:13.063+0300: 22.027: [CMS-concurrent-abortable-preclean: 0.000/0.000 secs] [Times: user=0.00 sys=0.00, real=0.00 secs] 
2018-03-10T15:12:13.063+0300: 22.027: [GC (CMS Final Remark) [YG occupancy: 73640 K (78656 K)]2018-03-10T15:12:13.063+0300: 22.027: [Rescan (parallel) , 0.0018353 secs]2018-03-10T15:12:13.065+0300: 22.029: [weak refs processing, 0.0000196 secs]2018-03-10T15:12:13.065+0300: 22.029: [class unloading, 0.0014243 secs]2018-03-10T15:12:13.066+0300: 22.031: [scrub symbol table, 0.0010192 secs]2018-03-10T15:12:13.067+0300: 22.032: [scrub string table, 0.0002615 secs][1 CMS-remark: 145116K(174784K)] 218757K(253440K), 0.0047166 secs] [Times: user=0.00 sys=0.00, real=0.01 secs] 
2018-03-10T15:12:13.068+0300: 22.032: [CMS-concurrent-sweep-start]
2018-03-10T15:12:13.076+0300: 22.040: [CMS-concurrent-sweep: 0.008/0.008 secs] [Times: user=0.02 sys=0.00, real=0.01 secs] 
2018-03-10T15:12:13.076+0300: 22.040: [CMS-concurrent-reset-start]
2018-03-10T15:12:13.076+0300: 22.040: [CMS-concurrent-reset: 0.000/0.000 secs] [Times: user=0.00 sys=0.00, real=0.00 secs] 
2018-03-10T15:12:13.524+0300: 22.488: [GC (Allocation Failure) 2018-03-10T15:12:13.524+0300: 22.488: [ParNew (promotion failed): 78656K->78656K(78656K), 0.0393564 secs]2018-03-10T15:12:13.563+0300: 22.527: [CMS: 166290K->172607K(174784K), 0.0721118 secs] 207983K->172607K(253440K), [Metaspace: 9376K->9376K(1058816K)], 0.1115833 secs] [Times: user=0.14 sys=0.00, real=0.11 secs] 
2018-03-10T15:12:13.635+0300: 22.599: [GC (CMS Initial Mark) [1 CMS-initial-mark: 172607K(174784K)] 174171K(253440K), 0.0003257 secs] [Times: user=0.00 sys=0.00, real=0.00 secs] 
2018-03-10T15:12:13.636+0300: 22.600: [CMS-concurrent-mark-start]
2018-03-10T15:12:13.655+0300: 22.619: [CMS-concurrent-mark: 0.020/0.020 secs] [Times: user=0.03 sys=0.00, real=0.02 secs] 
2018-03-10T15:12:13.655+0300: 22.619: [CMS-concurrent-preclean-start]
2018-03-10T15:12:13.656+0300: 22.621: [CMS-concurrent-preclean: 0.001/0.001 secs] [Times: user=0.00 sys=0.00, real=0.00 secs] 
2018-03-10T15:12:13.657+0300: 22.621: [CMS-concurrent-abortable-preclean-start]
2018-03-10T15:12:13.657+0300: 22.621: [CMS-concurrent-abortable-preclean: 0.000/0.000 secs] [Times: user=0.00 sys=0.00, real=0.00 secs] 
2018-03-10T15:12:13.657+0300: 22.621: [GC (CMS Final Remark) [YG occupancy: 26294 K (78656 K)]2018-03-10T15:12:13.657+0300: 22.621: [Rescan (parallel) , 0.0010415 secs]2018-03-10T15:12:13.658+0300: 22.622: [weak refs processing, 0.0000254 secs]2018-03-10T15:12:13.658+0300: 22.622: [class unloading, 0.0019473 secs]2018-03-10T15:12:13.660+0300: 22.624: [scrub symbol table, 0.0018228 secs]2018-03-10T15:12:13.662+0300: 22.626: [scrub string table, 0.0004145 secs][1 CMS-remark: 172607K(174784K)] 198901K(253440K), 0.0054015 secs] [Times: user=0.00 sys=0.00, real=0.00 secs] 
2018-03-10T15:12:13.662+0300: 22.626: [CMS-concurrent-sweep-start]
2018-03-10T15:12:13.670+0300: 22.634: [CMS-concurrent-sweep: 0.008/0.008 secs] [Times: user=0.03 sys=0.00, real=0.01 secs] 
2018-03-10T15:12:13.670+0300: 22.634: [CMS-concurrent-reset-start]
2018-03-10T15:12:13.671+0300: 22.635: [CMS-concurrent-reset: 0.000/0.000 secs] [Times: user=0.00 sys=0.00, real=0.00 secs] 
2018-03-10T15:12:15.670+0300: 24.634: [GC (CMS Initial Mark) [1 CMS-initial-mark: 171433K(174784K)] 229570K(253440K), 0.0019415 secs] [Times: user=0.00 sys=0.00, real=0.00 secs] 
2018-03-10T15:12:15.672+0300: 24.636: [CMS-concurrent-mark-start]
2018-03-10T15:12:15.686+0300: 24.650: [CMS-concurrent-mark: 0.015/0.015 secs] [Times: user=0.01 sys=0.00, real=0.01 secs] 
2018-03-10T15:12:15.686+0300: 24.651: [CMS-concurrent-preclean-start]
2018-03-10T15:12:15.687+0300: 24.651: [CMS-concurrent-preclean: 0.000/0.000 secs] [Times: user=0.00 sys=0.00, real=0.00 secs] 
2018-03-10T15:12:15.687+0300: 24.651: [CMS-concurrent-abortable-preclean-start]
2018-03-10T15:12:15.687+0300: 24.651: [CMS-concurrent-abortable-preclean: 0.000/0.000 secs] [Times: user=0.00 sys=0.00, real=0.00 secs] 
2018-03-10T15:12:15.687+0300: 24.651: [GC (CMS Final Remark) [YG occupancy: 58136 K (78656 K)]2018-03-10T15:12:15.687+0300: 24.651: [Rescan (parallel) , 0.0016939 secs]2018-03-10T15:12:15.689+0300: 24.653: [weak refs processing, 0.0000192 secs]2018-03-10T15:12:15.689+0300: 24.653: [class unloading, 0.0017670 secs]2018-03-10T15:12:15.691+0300: 24.655: [scrub symbol table, 0.0020245 secs]2018-03-10T15:12:15.693+0300: 24.657: [scrub string table, 0.0004342 secs][1 CMS-remark: 171433K(174784K)] 229570K(253440K), 0.0061824 secs] [Times: user=0.02 sys=0.00, real=0.01 secs] 
2018-03-10T15:12:15.693+0300: 24.658: [CMS-concurrent-sweep-start]
2018-03-10T15:12:15.695+0300: 24.659: [GC (Allocation Failure) 2018-03-10T15:12:15.695+0300: 24.659: [ParNew: 69952K->69952K(78656K), 0.0000268 secs]2018-03-10T15:12:15.695+0300: 24.660: [CMS2018-03-10T15:12:15.702+0300: 24.666: [CMS-concurrent-sweep: 0.008/0.009 secs] [Times: user=0.00 sys=0.00, real=0.01 secs] 
 (concurrent mode failure): 170710K->174783K(174784K), 0.0871687 secs] 240662K->191583K(253440K), [Metaspace: 9391K->9391K(1058816K)], 0.0872940 secs] [Times: user=0.08 sys=0.00, real=0.09 secs] 
2018-03-10T15:12:17.783+0300: 26.747: [GC (CMS Initial Mark) [1 CMS-initial-mark: 174783K(174784K)] 242785K(253440K), 0.0035269 secs] [Times: user=0.00 sys=0.00, real=0.00 secs] 
2018-03-10T15:12:17.786+0300: 26.751: [CMS-concurrent-mark-start]
2018-03-10T15:12:17.802+0300: 26.766: [CMS-concurrent-mark: 0.015/0.015 secs] [Times: user=0.01 sys=0.00, real=0.02 secs] 
2018-03-10T15:12:17.802+0300: 26.766: [CMS-concurrent-preclean-start]
2018-03-10T15:12:17.812+0300: 26.776: [CMS-concurrent-preclean: 0.010/0.010 secs] [Times: user=0.02 sys=0.00, real=0.01 secs] 
2018-03-10T15:12:17.812+0300: 26.776: [CMS-concurrent-abortable-preclean-start]
2018-03-10T15:12:17.812+0300: 26.776: [CMS-concurrent-abortable-preclean: 0.000/0.000 secs] [Times: user=0.00 sys=0.00, real=0.00 secs] 
2018-03-10T15:12:17.812+0300: 26.777: [GC (CMS Final Remark) [YG occupancy: 68002 K (78656 K)]2018-03-10T15:12:17.812+0300: 26.777: [Rescan (parallel) , 0.0036461 secs]2018-03-10T15:12:17.816+0300: 26.780: [weak refs processing, 0.0000210 secs]2018-03-10T15:12:17.816+0300: 26.780: [class unloading, 0.0012918 secs]2018-03-10T15:12:17.817+0300: 26.782: [scrub symbol table, 0.0010326 secs]2018-03-10T15:12:17.818+0300: 26.783: [scrub string table, 0.0002659 secs][1 CMS-remark: 174783K(174784K)] 242785K(253440K), 0.0064015 secs] [Times: user=0.00 sys=0.00, real=0.01 secs] 
2018-03-10T15:12:17.819+0300: 26.783: [CMS-concurrent-sweep-start]
2018-03-10T15:12:17.828+0300: 26.792: [CMS-concurrent-sweep: 0.009/0.009 secs] [Times: user=0.02 sys=0.00, real=0.01 secs] 
2018-03-10T15:12:17.828+0300: 26.792: [CMS-concurrent-reset-start]
2018-03-10T15:12:17.828+0300: 26.793: [CMS-concurrent-reset: 0.000/0.000 secs] [Times: user=0.00 sys=0.00, real=0.00 secs] 
2018-03-10T15:12:17.839+0300: 26.803: [GC (Allocation Failure) 2018-03-10T15:12:17.839+0300: 26.803: [ParNew: 78656K->78656K(78656K), 0.0000259 secs]2018-03-10T15:12:17.839+0300: 26.803: [CMS: 158994K->174782K(174784K), 0.0821553 secs] 237650K->206703K(253440K), [Metaspace: 9393K->9393K(1058816K)], 0.0822709 secs] [Times: user=0.09 sys=0.00, real=0.08 secs] 
2018-03-10T15:12:17.921+0300: 26.886: [GC (CMS Initial Mark) [1 CMS-initial-mark: 174782K(174784K)] 208114K(253440K), 0.0015198 secs] [Times: user=0.00 sys=0.00, real=0.00 secs] 
2018-03-10T15:12:17.923+0300: 26.887: [CMS-concurrent-mark-start]
2018-03-10T15:12:17.941+0300: 26.905: [CMS-concurrent-mark: 0.018/0.018 secs] [Times: user=0.03 sys=0.00, real=0.02 secs] 
2018-03-10T15:12:17.941+0300: 26.905: [CMS-concurrent-preclean-start]
2018-03-10T15:12:17.952+0300: 26.917: [CMS-concurrent-preclean: 0.011/0.011 secs] [Times: user=0.02 sys=0.00, real=0.01 secs] 
2018-03-10T15:12:17.952+0300: 26.917: [CMS-concurrent-abortable-preclean-start]
2018-03-10T15:12:17.952+0300: 26.917: [CMS-concurrent-abortable-preclean: 0.000/0.000 secs] [Times: user=0.00 sys=0.00, real=0.00 secs] 
2018-03-10T15:12:17.952+0300: 26.917: [GC (CMS Final Remark) [YG occupancy: 53295 K (78656 K)]2018-03-10T15:12:17.952+0300: 26.917: [Rescan (parallel) , 0.0015912 secs]2018-03-10T15:12:17.954+0300: 26.918: [weak refs processing, 0.0000219 secs]2018-03-10T15:12:17.954+0300: 26.918: [class unloading, 0.0012923 secs]2018-03-10T15:12:17.955+0300: 26.920: [scrub symbol table, 0.0010245 secs]2018-03-10T15:12:17.956+0300: 26.921: [scrub string table, 0.0002726 secs][1 CMS-remark: 174782K(174784K)] 228077K(253440K), 0.0043449 secs] [Times: user=0.00 sys=0.00, real=0.01 secs] 
2018-03-10T15:12:17.957+0300: 26.921: [CMS-concurrent-sweep-start]
2018-03-10T15:12:17.964+0300: 26.929: [CMS-concurrent-sweep: 0.008/0.008 secs] [Times: user=0.00 sys=0.00, real=0.01 secs] 
2018-03-10T15:12:17.965+0300: 26.929: [CMS-concurrent-reset-start]
2018-03-10T15:12:17.965+0300: 26.929: [CMS-concurrent-reset: 0.000/0.000 secs] [Times: user=0.00 sys=0.00, real=0.00 secs] 
2018-03-10T15:12:19.071+0300: 28.035: [GC (Allocation Failure) 2018-03-10T15:12:19.071+0300: 28.036: [ParNew: 78651K->78651K(78656K), 0.0000357 secs]2018-03-10T15:12:19.071+0300: 28.036: [CMS: 173220K->174781K(174784K), 0.1136948 secs] 251871K->223343K(253440K), [Metaspace: 9409K->9409K(1058816K)], 0.1138416 secs] [Times: user=0.13 sys=0.00, real=0.11 secs] 
2018-03-10T15:12:19.193+0300: 28.158: [GC (CMS Initial Mark) [1 CMS-initial-mark: 174781K(174784K)] 230505K(253440K), 0.0048353 secs] [Times: user=0.00 sys=0.00, real=0.00 secs] 
2018-03-10T15:12:19.209+0300: 28.173: [CMS-concurrent-mark-start]
2018-03-10T15:12:19.226+0300: 28.190: [CMS-concurrent-mark: 0.017/0.017 secs] [Times: user=0.03 sys=0.00, real=0.02 secs] 
2018-03-10T15:12:19.226+0300: 28.190: [CMS-concurrent-preclean-start]
2018-03-10T15:12:19.240+0300: 28.205: [CMS-concurrent-preclean: 0.014/0.014 secs] [Times: user=0.03 sys=0.00, real=0.01 secs] 
2018-03-10T15:12:19.240+0300: 28.205: [CMS-concurrent-abortable-preclean-start]
2018-03-10T15:12:19.240+0300: 28.205: [CMS-concurrent-abortable-preclean: 0.000/0.000 secs] [Times: user=0.00 sys=0.00, real=0.00 secs] 
2018-03-10T15:12:19.241+0300: 28.205: [GC (CMS Final Remark) [YG occupancy: 55778 K (78656 K)]2018-03-10T15:12:19.241+0300: 28.205: [Rescan (parallel) , 0.0027800 secs]2018-03-10T15:12:19.243+0300: 28.208: [weak refs processing, 0.0000335 secs]2018-03-10T15:12:19.244+0300: 28.208: [class unloading, 0.0019036 secs]2018-03-10T15:12:19.245+0300: 28.210: [scrub symbol table, 0.0017309 secs]2018-03-10T15:12:19.247+0300: 28.212: [scrub string table, 0.0004003 secs][1 CMS-remark: 174781K(174784K)] 230559K(253440K), 0.0070383 secs] [Times: user=0.02 sys=0.00, real=0.01 secs] 
2018-03-10T15:12:19.248+0300: 28.213: [CMS-concurrent-sweep-start]
2018-03-10T15:12:19.259+0300: 28.224: [CMS-concurrent-sweep: 0.011/0.011 secs] [Times: user=0.00 sys=0.00, real=0.01 secs] 
2018-03-10T15:12:19.260+0300: 28.224: [CMS-concurrent-reset-start]
2018-03-10T15:12:19.260+0300: 28.224: [CMS-concurrent-reset: 0.000/0.000 secs] [Times: user=0.00 sys=0.00, real=0.00 secs] 
2018-03-10T15:12:20.239+0300: 29.204: [GC (Allocation Failure) 2018-03-10T15:12:20.239+0300: 29.204: [ParNew: 78655K->78655K(78656K), 0.0000277 secs]2018-03-10T15:12:20.239+0300: 29.204: [CMS: 172113K->174783K(174784K), 0.0913310 secs] 250768K->229187K(253440K), [Metaspace: 9411K->9411K(1058816K)], 0.0914479 secs] [Times: user=0.09 sys=0.00, real=0.09 secs] 
2018-03-10T15:12:20.331+0300: 29.295: [GC (CMS Initial Mark) [1 CMS-initial-mark: 174783K(174784K)] 230217K(253440K), 0.0023761 secs] [Times: user=0.00 sys=0.00, real=0.00 secs] 
2018-03-10T15:12:20.333+0300: 29.298: [CMS-concurrent-mark-start]
2018-03-10T15:12:20.352+0300: 29.316: [CMS-concurrent-mark: 0.018/0.018 secs] [Times: user=0.03 sys=0.00, real=0.02 secs] 
2018-03-10T15:12:20.352+0300: 29.316: [CMS-concurrent-preclean-start]
2018-03-10T15:12:20.364+0300: 29.329: [CMS-concurrent-preclean: 0.013/0.013 secs] [Times: user=0.03 sys=0.00, real=0.01 secs] 
2018-03-10T15:12:20.364+0300: 29.329: [CMS-concurrent-abortable-preclean-start]
2018-03-10T15:12:20.364+0300: 29.329: [CMS-concurrent-abortable-preclean: 0.000/0.000 secs] [Times: user=0.00 sys=0.00, real=0.00 secs] 
2018-03-10T15:12:20.365+0300: 29.329: [GC (CMS Final Remark) [YG occupancy: 62379 K (78656 K)]2018-03-10T15:12:20.365+0300: 29.329: [Rescan (parallel) , 0.0022829 secs]2018-03-10T15:12:20.367+0300: 29.331: [weak refs processing, 0.0000277 secs]2018-03-10T15:12:20.367+0300: 29.331: [class unloading, 0.0018054 secs]2018-03-10T15:12:20.369+0300: 29.333: [scrub symbol table, 0.0014953 secs]2018-03-10T15:12:20.370+0300: 29.335: [scrub string table, 0.0003681 secs][1 CMS-remark: 174783K(174784K)] 237162K(253440K), 0.0061365 secs] [Times: user=0.02 sys=0.00, real=0.01 secs] 
2018-03-10T15:12:20.371+0300: 29.335: [CMS-concurrent-sweep-start]
2018-03-10T15:12:20.377+0300: 29.342: [CMS-concurrent-sweep: 0.007/0.007 secs] [Times: user=0.00 sys=0.00, real=0.01 secs] 
2018-03-10T15:12:20.377+0300: 29.342: [CMS-concurrent-reset-start]
2018-03-10T15:12:20.378+0300: 29.342: [CMS-concurrent-reset: 0.000/0.000 secs] [Times: user=0.00 sys=0.00, real=0.00 secs] 
2018-03-10T15:12:21.365+0300: 30.330: [GC (Allocation Failure) 2018-03-10T15:12:21.365+0300: 30.330: [ParNew: 78650K->78650K(78656K), 0.0000259 secs]2018-03-10T15:12:21.365+0300: 30.330: [CMS: 172889K->174782K(174784K), 0.0925791 secs] 251540K->234691K(253440K), [Metaspace: 9411K->9411K(1058816K)], 0.0927009 secs] [Times: user=0.09 sys=0.00, real=0.09 secs] 
2018-03-10T15:12:21.458+0300: 30.423: [GC (CMS Initial Mark) [1 CMS-initial-mark: 174782K(174784K)] 234721K(253440K), 0.0027170 secs] [Times: user=0.00 sys=0.00, real=0.00 secs] 
2018-03-10T15:12:21.461+0300: 30.426: [CMS-concurrent-mark-start]
2018-03-10T15:12:21.480+0300: 30.445: [CMS-concurrent-mark: 0.019/0.019 secs] [Times: user=0.06 sys=0.00, real=0.02 secs] 
2018-03-10T15:12:21.480+0300: 30.445: [CMS-concurrent-preclean-start]
2018-03-10T15:12:21.492+0300: 30.456: [CMS-concurrent-preclean: 0.012/0.012 secs] [Times: user=0.00 sys=0.00, real=0.01 secs] 
2018-03-10T15:12:21.492+0300: 30.456: [CMS-concurrent-abortable-preclean-start]
2018-03-10T15:12:21.492+0300: 30.457: [CMS-concurrent-abortable-preclean: 0.000/0.000 secs] [Times: user=0.00 sys=0.00, real=0.00 secs] 
2018-03-10T15:12:21.492+0300: 30.457: [GC (CMS Final Remark) [YG occupancy: 74872 K (78656 K)]2018-03-10T15:12:21.492+0300: 30.457: [Rescan (parallel) , 0.0026318 secs]2018-03-10T15:12:21.495+0300: 30.459: [weak refs processing, 0.0000286 secs]2018-03-10T15:12:21.495+0300: 30.459: [class unloading, 0.0018300 secs]2018-03-10T15:12:21.497+0300: 30.461: [scrub symbol table, 0.0015015 secs]2018-03-10T15:12:21.498+0300: 30.463: [scrub string table, 0.0003547 secs][1 CMS-remark: 174782K(174784K)] 249654K(253440K), 0.0065055 secs] [Times: user=0.05 sys=0.00, real=0.01 secs] 
2018-03-10T15:12:21.499+0300: 30.463: [CMS-concurrent-sweep-start]
2018-03-10T15:12:21.507+0300: 30.472: [CMS-concurrent-sweep: 0.008/0.008 secs] [Times: user=0.00 sys=0.00, real=0.01 secs] 
2018-03-10T15:12:21.507+0300: 30.472: [CMS-concurrent-reset-start]
2018-03-10T15:12:21.507+0300: 30.472: [CMS-concurrent-reset: 0.000/0.000 secs] [Times: user=0.00 sys=0.00, real=0.00 secs] 
2018-03-10T15:12:22.506+0300: 31.471: [GC (Allocation Failure) 2018-03-10T15:12:22.506+0300: 31.471: [ParNew: 78654K->78654K(78656K), 0.0000272 secs]2018-03-10T15:12:22.506+0300: 31.471: [CMS: 173719K->174782K(174784K), 0.0923698 secs] 252373K->234524K(253440K), [Metaspace: 9412K->9412K(1058816K)], 0.0925523 secs] [Times: user=0.09 sys=0.00, real=0.09 secs] 
2018-03-10T15:12:22.599+0300: 31.564: [GC (CMS Initial Mark) [1 CMS-initial-mark: 174782K(174784K)] 236515K(253440K), 0.0022333 secs] [Times: user=0.02 sys=0.00, real=0.00 secs] 
2018-03-10T15:12:22.602+0300: 31.566: [CMS-concurrent-mark-start]
2018-03-10T15:12:22.605+0300: 31.570: [Full GC (Allocation Failure) 2018-03-10T15:12:22.605+0300: 31.570: [CMS2018-03-10T15:12:22.615+0300: 31.579: [CMS-concurrent-mark: 0.013/0.013 secs] [Times: user=0.00 sys=0.00, real=0.01 secs] 
 (concurrent mode failure): 174782K->174782K(174784K), 0.0489992 secs] 253433K->243988K(253440K), [Metaspace: 9292K->9292K(1058816K)], 0.0490880 secs] [Times: user=0.05 sys=0.00, real=0.05 secs] 
2018-03-10T15:12:23.684+0300: 32.648: [Full GC (Allocation Failure) 2018-03-10T15:12:23.684+0300: 32.648: [CMS: 174783K->174778K(174784K), 0.0931257 secs] 253439K->242031K(253440K), [Metaspace: 9318K->9318K(1058816K)], 0.0932060 secs] [Times: user=0.09 sys=0.00, real=0.09 secs] 
2018-03-10T15:12:23.777+0300: 32.742: [GC (CMS Initial Mark) [1 CMS-initial-mark: 174778K(174784K)] 242466K(253440K), 0.0028299 secs] [Times: user=0.00 sys=0.00, real=0.00 secs] 
2018-03-10T15:12:23.780+0300: 32.745: [CMS-concurrent-mark-start]
2018-03-10T15:12:23.782+0300: 32.747: [Full GC (Allocation Failure) 2018-03-10T15:12:23.782+0300: 32.747: [CMS2018-03-10T15:12:23.795+0300: 32.760: [CMS-concurrent-mark: 0.015/0.015 secs] [Times: user=0.02 sys=0.00, real=0.02 secs] 
 (concurrent mode failure): 174782K->174781K(174784K), 0.0519483 secs] 253437K->247754K(253440K), [Metaspace: 9318K->9318K(1058816K)], 0.0520416 secs] [Times: user=0.06 sys=0.00, real=0.05 secs] 
2018-03-10T15:12:23.836+0300: 32.801: [Full GC (Allocation Failure) 2018-03-10T15:12:23.836+0300: 32.801: [CMS: 174781K->174781K(174784K), 0.0382734 secs] 253435K->250600K(253440K), [Metaspace: 9319K->9319K(1058816K)], 0.0383626 secs] [Times: user=0.03 sys=0.00, real=0.04 secs] 
2018-03-10T15:12:23.875+0300: 32.839: [GC (CMS Initial Mark) [1 CMS-initial-mark: 174781K(174784K)] 250612K(253440K), 0.0030053 secs] [Times: user=0.00 sys=0.00, real=0.00 secs] 
2018-03-10T15:12:23.878+0300: 32.842: [CMS-concurrent-mark-start]
2018-03-10T15:12:23.879+0300: 32.843: [Full GC (Allocation Failure) 2018-03-10T15:12:23.879+0300: 32.843: [CMS2018-03-10T15:12:23.891+0300: 32.856: [CMS-concurrent-mark: 0.013/0.013 secs] [Times: user=0.01 sys=0.00, real=0.01 secs] 
 (concurrent mode failure): 174781K->174781K(174784K), 0.0660815 secs] 253434K->252020K(253440K), [Metaspace: 9319K->9319K(1058816K)], 0.0661757 secs] [Times: user=0.08 sys=0.00, real=0.07 secs] 
2018-03-10T15:12:23.945+0300: 32.910: [Full GC (Allocation Failure) 2018-03-10T15:12:23.945+0300: 32.910: [CMS: 174781K->174781K(174784K), 0.0454710 secs] 253437K->252733K(253440K), [Metaspace: 9319K->9319K(1058816K)], 0.0455548 secs] [Times: user=0.05 sys=0.00, real=0.05 secs] 
2018-03-10T15:12:23.991+0300: 32.956: [GC (CMS Initial Mark) [1 CMS-initial-mark: 174781K(174784K)] 252740K(253440K), 0.0026251 secs] [Times: user=0.00 sys=0.00, real=0.00 secs] 
2018-03-10T15:12:23.994+0300: 32.959: [CMS-concurrent-mark-start]
2018-03-10T15:12:23.994+0300: 32.959: [Full GC (Allocation Failure) 2018-03-10T15:12:23.994+0300: 32.959: [CMS2018-03-10T15:12:24.006+0300: 32.971: [CMS-concurrent-mark: 0.012/0.012 secs] [Times: user=0.01 sys=0.00, real=0.01 secs] 
 (concurrent mode failure): 174781K->174781K(174784K), 0.0473246 secs] 253433K->253084K(253440K), [Metaspace: 9319K->9319K(1058816K)], 0.0474018 secs] [Times: user=0.05 sys=0.00, real=0.05 secs] 
2018-03-10T15:12:24.042+0300: 33.007: [Full GC (Allocation Failure) 2018-03-10T15:12:24.042+0300: 33.007: [CMS: 174781K->174781K(174784K), 0.0386652 secs] 253436K->253256K(253440K), [Metaspace: 9319K->9319K(1058816K)], 0.0387325 secs] [Times: user=0.03 sys=0.00, real=0.04 secs] 
2018-03-10T15:12:24.081+0300: 33.046: [GC (CMS Initial Mark) [1 CMS-initial-mark: 174781K(174784K)] 253270K(253440K), 0.0029464 secs] [Times: user=0.02 sys=0.00, real=0.00 secs] 
2018-03-10T15:12:24.084+0300: 33.049: [CMS-concurrent-mark-start]
2018-03-10T15:12:24.084+0300: 33.049: [Full GC (Allocation Failure) 2018-03-10T15:12:24.084+0300: 33.049: [CMS2018-03-10T15:12:24.102+0300: 33.067: [CMS-concurrent-mark: 0.018/0.018 secs] [Times: user=0.02 sys=0.00, real=0.02 secs] 
 (concurrent mode failure): 174781K->174781K(174784K), 0.0533142 secs] 253431K->253343K(253440K), [Metaspace: 9319K->9319K(1058816K)], 0.0533932 secs] [Times: user=0.05 sys=0.00, real=0.05 secs] 
2018-03-10T15:12:24.138+0300: 33.102: [Full GC (Allocation Failure) 2018-03-10T15:12:24.138+0300: 33.102: [CMS: 174781K->174781K(174784K), 0.0459141 secs] 253431K->253391K(253440K), [Metaspace: 9319K->9319K(1058816K)], 0.0459703 secs] [Times: user=0.05 sys=0.00, real=0.05 secs] 
2018-03-10T15:12:24.184+0300: 33.148: [GC (CMS Initial Mark) [1 CMS-initial-mark: 174781K(174784K)] 253398K(253440K), 0.0029901 secs] [Times: user=0.00 sys=0.00, real=0.00 secs] 
2018-03-10T15:12:24.187+0300: 33.152: [CMS-concurrent-mark-start]
2018-03-10T15:12:24.187+0300: 33.152: [Full GC (Allocation Failure) 2018-03-10T15:12:24.187+0300: 33.152: [CMS2018-03-10T15:12:24.198+0300: 33.163: [CMS-concurrent-mark: 0.011/0.012 secs] [Times: user=0.01 sys=0.00, real=0.01 secs] 
 (concurrent mode failure): 174781K->174781K(174784K), 0.0498841 secs] 253432K->253411K(253440K), [Metaspace: 9319K->9319K(1058816K)], 0.0499479 secs] [Times: user=0.05 sys=0.00, real=0.05 secs] 
2018-03-10T15:12:24.237+0300: 33.202: [Full GC (Allocation Failure) 2018-03-10T15:12:24.237+0300: 33.202: [CMS: 174781K->174781K(174784K), 0.0395523 secs] 253432K->253418K(253440K), [Metaspace: 9319K->9319K(1058816K)], 0.0396179 secs] [Times: user=0.05 sys=0.00, real=0.04 secs] 
2018-03-10T15:12:24.277+0300: 33.242: [GC (CMS Initial Mark) [1 CMS-initial-mark: 174781K(174784K)] 253432K(253440K), 0.0027345 secs] [Times: user=0.00 sys=0.00, real=0.00 secs] 
2018-03-10T15:12:24.280+0300: 33.245: [CMS-concurrent-mark-start]
2018-03-10T15:12:24.280+0300: 33.245: [Full GC (Allocation Failure) 2018-03-10T15:12:24.280+0300: 33.245: [CMS2018-03-10T15:12:24.297+0300: 33.262: [CMS-concurrent-mark: 0.017/0.017 secs] [Times: user=0.02 sys=0.00, real=0.02 secs] 
 (concurrent mode failure): 174781K->174781K(174784K), 0.0549447 secs] 253432K->253425K(253440K), [Metaspace: 9319K->9319K(1058816K)], 0.0550134 secs] [Times: user=0.06 sys=0.00, real=0.06 secs] 
2018-03-10T15:12:24.335+0300: 33.300: [Full GC (Allocation Failure) 2018-03-10T15:12:24.335+0300: 33.300: [CMS: 174781K->174781K(174784K), 0.0375309 secs] 253432K->253431K(253440K), [Metaspace: 9319K->9319K(1058816K)], 0.0375987 secs] [Times: user=0.03 sys=0.00, real=0.04 secs] 
2018-03-10T15:12:24.373+0300: 33.338: [Full GC (Allocation Failure) 2018-03-10T15:12:24.373+0300: 33.338: [CMS: 174781K->174781K(174784K), 0.0818283 secs] 253431K->253396K(253440K), [Metaspace: 9319K->9319K(1058816K)], 0.0819291 secs] [Times: user=0.08 sys=0.00, real=0.08 secs] 
2018-03-10T15:12:24.455+0300: 33.420: [GC (CMS Initial Mark) [1 CMS-initial-mark: 174781K(174784K)] 253404K(253440K), 0.0027947 secs] [Times: user=0.02 sys=0.00, real=0.00 secs] 
2018-03-10T15:12:24.458+0300: 33.423: [CMS-concurrent-mark-start]
2018-03-10T15:12:24.458+0300: 33.423: [Full GC (Allocation Failure) 2018-03-10T15:12:24.458+0300: 33.423: [CMS2018-03-10T15:12:24.473+0300: 33.438: [CMS-concurrent-mark: 0.015/0.015 secs] [Times: user=0.01 sys=0.00, real=0.02 secs] 
 (concurrent mode failure): 174781K->174781K(174784K), 0.0604007 secs] 253431K->253409K(253440K), [Metaspace: 9251K->9251K(1058816K)], 0.0604600 secs] [Times: user=0.05 sys=0.00, real=0.06 secs] 
2018-03-10T15:12:24.519+0300: 33.483: [Full GC (Allocation Failure) 2018-03-10T15:12:24.519+0300: 33.483: [CMS: 174781K->174781K(174784K), 0.0400989 secs] 253431K->253423K(253440K), [Metaspace: 9251K->9251K(1058816K)], 0.0401654 secs] [Times: user=0.05 sys=0.00, real=0.04 secs] 
2018-03-10T15:12:24.559+0300: 33.524: [GC (CMS Initial Mark) [1 CMS-initial-mark: 174781K(174784K)] 253431K(253440K), 0.0027929 secs] [Times: user=0.00 sys=0.00, real=0.00 secs] 
2018-03-10T15:12:24.562+0300: 33.527: [CMS-concurrent-mark-start]
2018-03-10T15:12:24.562+0300: 33.527: [Full GC (Allocation Failure) 2018-03-10T15:12:24.562+0300: 33.527: [CMS2018-03-10T15:12:24.574+0300: 33.538: [CMS-concurrent-mark: 0.011/0.012 secs] [Times: user=0.02 sys=0.00, real=0.01 secs] 
 (concurrent mode failure): 174781K->174781K(174784K), 0.0866185 secs] 253433K->253425K(253440K), [Metaspace: 9251K->9251K(1058816K)], 0.0866912 secs] [Times: user=0.09 sys=0.00, real=0.09 secs] 
2018-03-10T15:12:24.649+0300: 33.614: [Full GC (Allocation Failure) 2018-03-10T15:12:24.649+0300: 33.614: [CMS: 174781K->174781K(174784K), 0.0444281 secs] 253432K->253432K(253440K), [Metaspace: 9251K->9251K(1058816K)], 0.0444897 secs] [Times: user=0.05 sys=0.00, real=0.05 secs] 
2018-03-10T15:12:24.694+0300: 33.658: [Full GC (Allocation Failure) 2018-03-10T15:12:24.694+0300: 33.658: [CMS: 174781K->174781K(174784K), 0.0353712 secs] 253432K->253430K(253440K), [Metaspace: 9251K->9251K(1058816K)], 0.0354292 secs] [Times: user=0.03 sys=0.00, real=0.04 secs] 
2018-03-10T15:12:24.730+0300: 33.695: [Full GC (Allocation Failure) 2018-03-10T15:12:24.730+0300: 33.695: [CMS: 174783K->174782K(174784K), 0.0369825 secs] 253439K->253428K(253440K), [Metaspace: 9255K->9255K(1058816K)], 0.0370521 secs] [Times: user=0.03 sys=0.00, real=0.04 secs] 
2018-03-10T15:12:24.768+0300: 33.732: [GC (CMS Initial Mark) [1 CMS-initial-mark: 174782K(174784K)] 253438K(253440K), 0.0030539 secs] [Times: user=0.02 sys=0.00, real=0.00 secs] 
2018-03-10T15:12:24.771+0300: 33.735: [CMS-concurrent-mark-start]
2018-03-10T15:12:24.771+0300: 33.736: [Full GC (Allocation Failure) 2018-03-10T15:12:24.771+0300: 33.736: [CMS2018-03-10T15:12:24.782+0300: 33.747: [CMS-concurrent-mark: 0.011/0.012 secs] [Times: user=0.00 sys=0.00, real=0.01 secs] 
 (concurrent mode failure): 174783K->174782K(174784K), 0.0491309 secs] 253439K->253433K(253440K), [Metaspace: 9261K->9261K(1058816K)], 0.0492041 secs] [Times: user=0.05 sys=0.00, real=0.05 secs] 
2018-03-10T15:12:24.821+0300: 33.785: [Full GC (Allocation Failure) 2018-03-10T15:12:24.821+0300: 33.786: [CMS: 174783K->174783K(174784K), 0.0677397 secs] 253439K->253435K(253440K), [Metaspace: 9261K->9261K(1058816K)], 0.0678151 secs] [Times: user=0.06 sys=0.00, real=0.07 secs] 
2018-03-10T15:12:24.890+0300: 33.854: [Full GC (Allocation Failure) 2018-03-10T15:12:24.890+0300: 33.854: [CMS: 174783K->174781K(174784K), 0.0655786 secs] 253439K->253433K(253440K), [Metaspace: 9262K->9262K(1058816K)], 0.0656554 secs] [Times: user=0.06 sys=0.00, real=0.07 secs] 
2018-03-10T15:12:24.957+0300: 33.921: [GC (CMS Initial Mark) [1 CMS-initial-mark: 174781K(174784K)] 253437K(253440K), 0.0030673 secs] [Times: user=0.02 sys=0.00, real=0.00 secs] 
2018-03-10T15:12:24.960+0300: 33.924: [CMS-concurrent-mark-start]
2018-03-10T15:12:24.962+0300: 33.925: [Full GC (Allocation Failure) 2018-03-10T15:12:24.962+0300: 33.925: [CMS2018-03-10T15:12:24.976+0300: 33.940: [CMS-concurrent-mark: 0.016/0.016 secs] [Times: user=0.02 sys=0.00, real=0.02 secs] 
 (concurrent mode failure): 174783K->174781K(174784K), 0.0868460 secs] 253439K->253433K(253440K), [Metaspace: 9269K->9269K(1058816K)], 0.0869290 secs] [Times: user=0.08 sys=0.00, real=0.09 secs] 
2018-03-10T15:12:25.049+0300: 34.013: [Full GC (Allocation Failure) 2018-03-10T15:12:25.049+0300: 34.013: [CMS: 174783K->174781K(174784K), 0.0654742 secs] 253439K->253435K(253440K), [Metaspace: 9270K->9270K(1058816K)], 0.0655835 secs] [Times: user=0.08 sys=0.00, real=0.07 secs] 
Heap
 par new generation   total 78656K, used 78656K [0x00000000f0000000, 0x00000000f5550000, 0x00000000f5550000)
  eden space 69952K, 100% used [0x00000000f0000000, 0x00000000f4450000, 0x00000000f4450000)
  from space 8704K, 100% used [0x00000000f4450000, 0x00000000f4cd0000, 0x00000000f4cd0000)
  to   space 8704K,   0% used [0x00000000f4cd0000, 0x00000000f4cd0000, 0x00000000f5550000)
 concurrent mark-sweep generation total 174784K, used 174782K [0x00000000f5550000, 0x0000000100000000, 0x0000000100000000)
 Metaspace       used 9270K, capacity 9568K, committed 9984K, reserved 1058816K
  class space    used 1092K, capacity 1147K, committed 1280K, reserved 1048576K
2018-03-10T15:12:25.116+0300: 34.079: [Full GC (Allocation Failure) 2018-03-10T15:12:25.116+0300: 34.079: [CMS: 174783K->174782K(174784K), 0.0728409 secs] 253439K->253437K(253440K), [Metaspace: 9270K->9270K(1058816K)], 0.0729230 secs] [Times: user=0.06 sys=0.00, real=0.07 secs] 
2018-03-10T15:12:25.189+0300: 34.153: [Full GC (Allocation Failure) 2018-03-10T15:12:25.189+0300: 34.153: [CMS: 174784K->174783K(174784K), 0.0416138 secs] 253440K->253439K(253440K), [Metaspace: 9270K->9270K(1058816K)], 0.0416897 secs] [Times: user=0.05 sys=0.00, real=0.04 secs] 
