Java HotSpot(TM) 64-Bit Server VM (25.161-b12) for windows-amd64 JRE (1.8.0_161-b12), built on Dec 19 2017 17:52:25 by "java_re" with MS VC++ 10.0 (VS2010)
Memory: 4k page, physical 6272880k(2144552k free), swap 12543884k(7082232k free)
CommandLine flags: -XX:GCLogFileSize=1048576 -XX:InitialHeapSize=268435456 -XX:MaxHeapSize=268435456 -XX:+PrintGC -XX:+PrintGCDateStamps -XX:+PrintGCDetails -XX:+PrintGCTimeStamps -XX:+UseCompressedClassPointers -XX:+UseCompressedOops -XX:-UseLargePagesIndividualAllocation -XX:+UseParallelOldGC 
2018-03-10T15:20:38.045+0300: 1.659: [GC (Allocation Failure) [PSYoungGen: 65536K->10744K(76288K)] 65536K->24681K(251392K), 0.0841861 secs] [Times: user=0.06 sys=0.00, real=0.09 secs] 
2018-03-10T15:20:40.227+0300: 3.842: [GC (Allocation Failure) [PSYoungGen: 76280K->10726K(76288K)] 90217K->53447K(251392K), 0.0186235 secs] [Times: user=0.03 sys=0.02, real=0.02 secs] 
2018-03-10T15:20:43.325+0300: 6.939: [GC (Allocation Failure) [PSYoungGen: 76262K->10742K(76288K)] 118983K->87621K(251392K), 0.0323895 secs] [Times: user=0.01 sys=0.05, real=0.03 secs] 
2018-03-10T15:20:45.385+0300: 9.000: [GC (Allocation Failure) [PSYoungGen: 76278K->10738K(76288K)] 153157K->121706K(251392K), 0.0312601 secs] [Times: user=0.00 sys=0.09, real=0.03 secs] 
2018-03-10T15:20:46.665+0300: 10.279: [GC (Allocation Failure) [PSYoungGen: 76274K->10747K(76288K)] 187242K->153695K(251392K), 0.0540728 secs] [Times: user=0.05 sys=0.08, real=0.05 secs] 
2018-03-10T15:20:46.719+0300: 10.333: [Full GC (Ergonomics) [PSYoungGen: 10747K->0K(76288K)] [ParOldGen: 142947K->82983K(175104K)] 153695K->82983K(251392K), [Metaspace: 7419K->7419K(1056768K)], 0.3955351 secs] [Times: user=0.75 sys=0.03, real=0.39 secs] 
2018-03-10T15:20:48.482+0300: 12.097: [GC (Allocation Failure) [PSYoungGen: 65536K->10752K(40448K)] 148519K->116284K(215552K), 0.0204937 secs] [Times: user=0.02 sys=0.00, real=0.02 secs] 
2018-03-10T15:20:49.522+0300: 13.136: [GC (Allocation Failure) [PSYoungGen: 40448K->25568K(58368K)] 145980K->131100K(233472K), 0.0106772 secs] [Times: user=0.03 sys=0.00, real=0.01 secs] 
2018-03-10T15:20:50.615+0300: 14.229: [GC (Allocation Failure) [PSYoungGen: 55264K->28672K(58368K)] 160796K->144979K(233472K), 0.1629252 secs] [Times: user=0.03 sys=0.00, real=0.16 secs] 
2018-03-10T15:20:51.804+0300: 15.418: [GC (Allocation Failure) [PSYoungGen: 58368K->28672K(58368K)] 174675K->160454K(233472K), 0.0152729 secs] [Times: user=0.02 sys=0.00, real=0.02 secs] 
2018-03-10T15:20:52.954+0300: 16.568: [GC (Allocation Failure) [PSYoungGen: 58368K->28665K(58368K)] 190150K->175639K(233472K), 0.1437082 secs] [Times: user=0.05 sys=0.00, real=0.14 secs] 
2018-03-10T15:20:53.098+0300: 16.711: [Full GC (Ergonomics) [PSYoungGen: 28665K->0K(58368K)] [ParOldGen: 146974K->129795K(175104K)] 175639K->129795K(233472K), [Metaspace: 9299K->9299K(1058816K)], 0.1164819 secs] [Times: user=0.17 sys=0.00, real=0.12 secs] 
2018-03-10T15:20:54.240+0300: 17.853: [GC (Allocation Failure) [PSYoungGen: 29696K->16064K(58368K)] 159491K->145859K(233472K), 0.0056791 secs] [Times: user=0.00 sys=0.00, real=0.00 secs] 
2018-03-10T15:20:55.275+0300: 18.889: [GC (Allocation Failure) [PSYoungGen: 45760K->16032K(58368K)] 175555K->161307K(233472K), 0.0112809 secs] [Times: user=0.02 sys=0.00, real=0.01 secs] 
2018-03-10T15:20:55.287+0300: 18.901: [Full GC (Ergonomics) [PSYoungGen: 16032K->0K(58368K)] [ParOldGen: 145275K->143564K(175104K)] 161307K->143564K(233472K), [Metaspace: 9302K->9302K(1058816K)], 0.0577809 secs] [Times: user=0.09 sys=0.00, real=0.06 secs] 
2018-03-10T15:20:56.366+0300: 19.980: [GC (Allocation Failure) [PSYoungGen: 29696K->16096K(58368K)] 173260K->159660K(233472K), 0.0064729 secs] [Times: user=0.00 sys=0.00, real=0.01 secs] 
2018-03-10T15:20:56.373+0300: 19.987: [Full GC (Ergonomics) [PSYoungGen: 16096K->0K(58368K)] [ParOldGen: 143564K->151782K(175104K)] 159660K->151782K(233472K), [Metaspace: 9304K->9304K(1058816K)], 0.0637513 secs] [Times: user=0.09 sys=0.00, real=0.06 secs] 
2018-03-10T15:20:57.469+0300: 21.083: [Full GC (Ergonomics) [PSYoungGen: 29696K->0K(58368K)] [ParOldGen: 151782K->157263K(175104K)] 181478K->157263K(233472K), [Metaspace: 9321K->9321K(1058816K)], 0.0980596 secs] [Times: user=0.17 sys=0.03, real=0.10 secs] 
2018-03-10T15:20:58.591+0300: 22.205: [Full GC (Ergonomics) [PSYoungGen: 29696K->0K(58368K)] [ParOldGen: 157263K->165484K(175104K)] 186959K->165484K(233472K), [Metaspace: 9322K->9322K(1058816K)], 0.0652270 secs] [Times: user=0.11 sys=0.01, real=0.06 secs] 
2018-03-10T15:20:59.676+0300: 23.290: [Full GC (Ergonomics) [PSYoungGen: 29696K->0K(58368K)] [ParOldGen: 165484K->171108K(175104K)] 195180K->171108K(233472K), [Metaspace: 9324K->9324K(1058816K)], 0.0751671 secs] [Times: user=0.17 sys=0.00, real=0.07 secs] 
2018-03-10T15:21:00.788+0300: 24.402: [Full GC (Ergonomics) [PSYoungGen: 29696K->4288K(58368K)] [ParOldGen: 171108K->174996K(175104K)] 200804K->179285K(233472K), [Metaspace: 9328K->9328K(1058816K)], 0.0755272 secs] [Times: user=0.11 sys=0.00, real=0.08 secs] 
2018-03-10T15:21:00.873+0300: 24.487: [Full GC (Ergonomics) [PSYoungGen: 29696K->17097K(58368K)] [ParOldGen: 174996K->174811K(175104K)] 204692K->191908K(233472K), [Metaspace: 9328K->9328K(1058816K)], 0.1478884 secs] [Times: user=0.16 sys=0.00, real=0.15 secs] 
2018-03-10T15:21:02.059+0300: 25.673: [Full GC (Ergonomics) [PSYoungGen: 29696K->14132K(58368K)] [ParOldGen: 174811K->174831K(175104K)] 204507K->188963K(233472K), [Metaspace: 9328K->9328K(1058816K)], 0.0745758 secs] [Times: user=0.19 sys=0.00, real=0.07 secs] 
2018-03-10T15:21:02.136+0300: 25.750: [Full GC (Ergonomics) [PSYoungGen: 29696K->21883K(58368K)] [ParOldGen: 174831K->174831K(175104K)] 204527K->196714K(233472K), [Metaspace: 9328K->9328K(1058816K)], 0.0291718 secs] [Times: user=0.08 sys=0.00, real=0.03 secs] 
2018-03-10T15:21:02.166+0300: 25.781: [Full GC (Ergonomics) [PSYoungGen: 29696K->25764K(58368K)] [ParOldGen: 174831K->174831K(175104K)] 204527K->200596K(233472K), [Metaspace: 9328K->9328K(1058816K)], 0.0356545 secs] [Times: user=0.08 sys=0.00, real=0.04 secs] 
2018-03-10T15:21:03.226+0300: 26.840: [Full GC (Ergonomics) [PSYoungGen: 29696K->21071K(58368K)] [ParOldGen: 174831K->174893K(175104K)] 204527K->195965K(233472K), [Metaspace: 9328K->9328K(1058816K)], 0.0835636 secs] [Times: user=0.14 sys=0.00, real=0.08 secs] 
2018-03-10T15:21:03.311+0300: 26.926: [Full GC (Ergonomics) [PSYoungGen: 29696K->25361K(58368K)] [ParOldGen: 174893K->174893K(175104K)] 204589K->200255K(233472K), [Metaspace: 9331K->9331K(1058816K)], 0.0308786 secs] [Times: user=0.05 sys=0.00, real=0.03 secs] 
2018-03-10T15:21:03.344+0300: 26.958: [Full GC (Ergonomics) [PSYoungGen: 29696K->27513K(58368K)] [ParOldGen: 174893K->174893K(175104K)] 204589K->202407K(233472K), [Metaspace: 9331K->9331K(1058816K)], 0.0248220 secs] [Times: user=0.11 sys=0.00, real=0.02 secs] 
2018-03-10T15:21:03.369+0300: 26.983: [Full GC (Ergonomics) [PSYoungGen: 29696K->28598K(58368K)] [ParOldGen: 174893K->174893K(175104K)] 204589K->203492K(233472K), [Metaspace: 9331K->9331K(1058816K)], 0.0258019 secs] [Times: user=0.08 sys=0.00, real=0.03 secs] 
2018-03-10T15:21:03.397+0300: 27.011: [Full GC (Ergonomics) [PSYoungGen: 29691K->29139K(58368K)] [ParOldGen: 174893K->174893K(175104K)] 204585K->204033K(233472K), [Metaspace: 9333K->9333K(1058816K)], 0.0230688 secs] [Times: user=0.02 sys=0.00, real=0.02 secs] 
2018-03-10T15:21:03.421+0300: 27.035: [Full GC (Ergonomics) [PSYoungGen: 29696K->29409K(58368K)] [ParOldGen: 174893K->174893K(175104K)] 204589K->204303K(233472K), [Metaspace: 9334K->9334K(1058816K)], 0.0248390 secs] [Times: user=0.09 sys=0.00, real=0.03 secs] 
2018-03-10T15:21:03.446+0300: 27.060: [Full GC (Ergonomics) [PSYoungGen: 29693K->29551K(58368K)] [ParOldGen: 174893K->174893K(175104K)] 204587K->204445K(233472K), [Metaspace: 9334K->9334K(1058816K)], 0.0226810 secs] [Times: user=0.05 sys=0.00, real=0.02 secs] 
2018-03-10T15:21:03.469+0300: 27.083: [Full GC (Ergonomics) [PSYoungGen: 29692K->29619K(58368K)] [ParOldGen: 174893K->174893K(175104K)] 204586K->204513K(233472K), [Metaspace: 9334K->9334K(1058816K)], 0.0236244 secs] [Times: user=0.11 sys=0.00, real=0.02 secs] 
2018-03-10T15:21:03.493+0300: 27.107: [Full GC (Ergonomics) [PSYoungGen: 29692K->29651K(58368K)] [ParOldGen: 174893K->174893K(175104K)] 204586K->204545K(233472K), [Metaspace: 9334K->9334K(1058816K)], 0.0267644 secs] [Times: user=0.06 sys=0.00, real=0.03 secs] 
2018-03-10T15:21:03.522+0300: 27.136: [Full GC (Ergonomics) [PSYoungGen: 29696K->29675K(58368K)] [ParOldGen: 174893K->174893K(175104K)] 204589K->204569K(233472K), [Metaspace: 9335K->9335K(1058816K)], 0.0245927 secs] [Times: user=0.05 sys=0.00, real=0.02 secs] 
2018-03-10T15:21:03.547+0300: 27.161: [Full GC (Ergonomics) [PSYoungGen: 29696K->29681K(58368K)] [ParOldGen: 174893K->174893K(175104K)] 204589K->204575K(233472K), [Metaspace: 9335K->9335K(1058816K)], 0.0258648 secs] [Times: user=0.06 sys=0.00, real=0.03 secs] 
2018-03-10T15:21:03.573+0300: 27.187: [Full GC (Ergonomics) [PSYoungGen: 29696K->29687K(58368K)] [ParOldGen: 174893K->174893K(175104K)] 204589K->204581K(233472K), [Metaspace: 9335K->9335K(1058816K)], 0.0231509 secs] [Times: user=0.05 sys=0.00, real=0.02 secs] 
2018-03-10T15:21:03.596+0300: 27.211: [Full GC (Ergonomics) [PSYoungGen: 29696K->29694K(58368K)] [ParOldGen: 174893K->174893K(175104K)] 204589K->204588K(233472K), [Metaspace: 9335K->9335K(1058816K)], 0.0236775 secs] [Times: user=0.08 sys=0.00, real=0.02 secs] 
2018-03-10T15:21:03.620+0300: 27.235: [Full GC (Ergonomics) [PSYoungGen: 29696K->29694K(58368K)] [ParOldGen: 174893K->174893K(175104K)] 204589K->204588K(233472K), [Metaspace: 9335K->9335K(1058816K)], 0.0256364 secs] [Times: user=0.09 sys=0.00, real=0.03 secs] 
2018-03-10T15:21:03.646+0300: 27.260: [Full GC (Ergonomics) [PSYoungGen: 29696K->29688K(58368K)] [ParOldGen: 175098K->174999K(175104K)] 204794K->204687K(233472K), [Metaspace: 9335K->9335K(1058816K)], 0.0247912 secs] [Times: user=0.05 sys=0.00, real=0.03 secs] 
2018-03-10T15:21:03.671+0300: 27.285: [Full GC (Ergonomics) [PSYoungGen: 29694K->29694K(58368K)] [ParOldGen: 174999K->174999K(175104K)] 204694K->204694K(233472K), [Metaspace: 9335K->9335K(1058816K)], 0.0246413 secs] [Times: user=0.09 sys=0.00, real=0.03 secs] 
2018-03-10T15:21:03.696+0300: 27.310: [Full GC (Ergonomics) [PSYoungGen: 29696K->29688K(58368K)] [ParOldGen: 175099K->175055K(175104K)] 204795K->204744K(233472K), [Metaspace: 9335K->9335K(1058816K)], 0.0244981 secs] [Times: user=0.06 sys=0.00, real=0.02 secs] 
2018-03-10T15:21:03.721+0300: 27.335: [Full GC (Ergonomics) [PSYoungGen: 29696K->29695K(58368K)] [ParOldGen: 175055K->175049K(175104K)] 204751K->204744K(233472K), [Metaspace: 9335K->9335K(1058816K)], 0.0221764 secs] [Times: user=0.13 sys=0.00, real=0.02 secs] 
2018-03-10T15:21:03.743+0300: 27.358: [Full GC (Ergonomics) [PSYoungGen: 29696K->29695K(58368K)] [ParOldGen: 175099K->175074K(175104K)] 204795K->204769K(233472K), [Metaspace: 9335K->9335K(1058816K)], 0.0227158 secs] [Times: user=0.06 sys=0.00, real=0.02 secs] 
2018-03-10T15:21:03.766+0300: 27.380: [Full GC (Ergonomics) [PSYoungGen: 29696K->29695K(58368K)] [ParOldGen: 175099K->175087K(175104K)] 204795K->204782K(233472K), [Metaspace: 9335K->9335K(1058816K)], 0.0246819 secs] [Times: user=0.09 sys=0.00, real=0.02 secs] 
2018-03-10T15:21:03.791+0300: 27.405: [Full GC (Ergonomics) [PSYoungGen: 29696K->29695K(58368K)] [ParOldGen: 175099K->175093K(175104K)] 204795K->204788K(233472K), [Metaspace: 9335K->9335K(1058816K)], 0.0236493 secs] [Times: user=0.06 sys=0.00, real=0.02 secs] 
2018-03-10T15:21:03.815+0300: 27.429: [Full GC (Ergonomics) [PSYoungGen: 29695K->29695K(58368K)] [ParOldGen: 175099K->175099K(175104K)] 204794K->204794K(233472K), [Metaspace: 9335K->9335K(1058816K)], 0.0252424 secs] [Times: user=0.08 sys=0.00, real=0.02 secs] 
2018-03-10T15:21:03.840+0300: 27.455: [Full GC (Allocation Failure) [PSYoungGen: 29695K->29695K(58368K)] [ParOldGen: 175099K->174688K(175104K)] 204794K->204383K(233472K), [Metaspace: 9335K->9148K(1058816K)], 0.0818876 secs] [Times: user=0.22 sys=0.00, real=0.08 secs] 
2018-03-10T15:21:03.923+0300: 27.537: [Full GC (Ergonomics) [PSYoungGen: 29696K->29695K(58368K)] [ParOldGen: 174895K->174788K(175104K)] 204591K->204484K(233472K), [Metaspace: 9148K->9148K(1058816K)], 0.0227266 secs] [Times: user=0.11 sys=0.00, real=0.02 secs] 
2018-03-10T15:21:03.946+0300: 27.560: [Full GC (Ergonomics) [PSYoungGen: 29696K->29695K(58368K)] [ParOldGen: 174788K->174788K(175104K)] 204484K->204484K(233472K), [Metaspace: 9148K->9148K(1058816K)], 0.0235543 secs] [Times: user=0.06 sys=0.00, real=0.02 secs] 
2018-03-10T15:21:03.969+0300: 27.584: [Full GC (Ergonomics) [PSYoungGen: 29696K->29695K(58368K)] [ParOldGen: 175066K->174927K(175104K)] 204762K->204623K(233472K), [Metaspace: 9148K->9148K(1058816K)], 0.0229158 secs] [Times: user=0.11 sys=0.00, real=0.02 secs] 
2018-03-10T15:21:03.993+0300: 27.607: [Full GC (Ergonomics) [PSYoungGen: 29696K->29695K(58368K)] [ParOldGen: 175098K->175016K(175104K)] 204794K->204712K(233472K), [Metaspace: 9148K->9148K(1058816K)], 0.0238635 secs] [Times: user=0.05 sys=0.00, real=0.02 secs] 
2018-03-10T15:21:04.017+0300: 27.631: [Full GC (Ergonomics) [PSYoungGen: 29696K->29695K(58368K)] [ParOldGen: 175099K->175055K(175104K)] 204795K->204750K(233472K), [Metaspace: 9148K->9148K(1058816K)], 0.0229675 secs] [Times: user=0.12 sys=0.00, real=0.02 secs] 
2018-03-10T15:21:04.040+0300: 27.654: [Full GC (Ergonomics) [PSYoungGen: 29695K->29695K(58368K)] [ParOldGen: 175061K->175061K(175104K)] 204757K->204757K(233472K), [Metaspace: 9148K->9148K(1058816K)], 0.0231496 secs] [Times: user=0.06 sys=0.00, real=0.02 secs] 
2018-03-10T15:21:04.063+0300: 27.677: [Full GC (Ergonomics) [PSYoungGen: 29696K->29695K(58368K)] [ParOldGen: 175099K->175080K(175104K)] 204795K->204776K(233472K), [Metaspace: 9148K->9148K(1058816K)], 0.0232959 secs] [Times: user=0.11 sys=0.00, real=0.02 secs] 
2018-03-10T15:21:04.087+0300: 27.701: [Full GC (Ergonomics) [PSYoungGen: 29695K->29695K(58368K)] [ParOldGen: 175099K->175086K(175104K)] 204795K->204782K(233472K), [Metaspace: 9148K->9148K(1058816K)], 0.0245275 secs] [Times: user=0.05 sys=0.00, real=0.02 secs] 
2018-03-10T15:21:04.112+0300: 27.726: [Full GC (Ergonomics) [PSYoungGen: 29695K->29695K(58368K)] [ParOldGen: 175099K->175093K(175104K)] 204795K->204789K(233472K), [Metaspace: 9148K->9148K(1058816K)], 0.0243151 secs] [Times: user=0.06 sys=0.00, real=0.02 secs] 
2018-03-10T15:21:04.136+0300: 27.750: [Full GC (Ergonomics) [PSYoungGen: 29695K->29695K(58368K)] [ParOldGen: 175099K->175099K(175104K)] 204795K->204795K(233472K), [Metaspace: 9148K->9148K(1058816K)], 0.0239889 secs] [Times: user=0.09 sys=0.00, real=0.02 secs] 
2018-03-10T15:21:04.160+0300: 27.774: [Full GC (Allocation Failure) [PSYoungGen: 29695K->29695K(58368K)] [ParOldGen: 175099K->175099K(175104K)] 204795K->204795K(233472K), [Metaspace: 9148K->9148K(1058816K)], 0.0251272 secs] [Times: user=0.01 sys=0.00, real=0.02 secs] 
2018-03-10T15:21:04.186+0300: 27.800: [Full GC (Ergonomics) [PSYoungGen: 29695K->29695K(58368K)] [ParOldGen: 175101K->175094K(175104K)] 204797K->204790K(233472K), [Metaspace: 9150K->9150K(1058816K)], 0.0257350 secs] [Times: user=0.09 sys=0.00, real=0.02 secs] 
2018-03-10T15:21:04.212+0300: 27.826: [Full GC (Ergonomics) [PSYoungGen: 29695K->29695K(58368K)] [ParOldGen: 175095K->175094K(175104K)] 204791K->204790K(233472K), [Metaspace: 9150K->9150K(1058816K)], 0.0239349 secs] [Times: user=0.06 sys=0.00, real=0.02 secs] 
2018-03-10T15:21:04.236+0300: 27.850: [Full GC (Ergonomics) [PSYoungGen: 29695K->29695K(58368K)] [ParOldGen: 175098K->175095K(175104K)] 204794K->204791K(233472K), [Metaspace: 9152K->9152K(1058816K)], 0.0258198 secs] [Times: user=0.06 sys=0.00, real=0.03 secs] 
2018-03-10T15:21:04.262+0300: 27.876: [Full GC (Ergonomics) [PSYoungGen: 29695K->29695K(58368K)] [ParOldGen: 175098K->175097K(175104K)] 204794K->204793K(233472K), [Metaspace: 9153K->9153K(1058816K)], 0.0232491 secs] [Times: user=0.11 sys=0.00, real=0.02 secs] 
2018-03-10T15:21:04.286+0300: 27.900: [Full GC (Ergonomics) [PSYoungGen: 29696K->29695K(58368K)] [ParOldGen: 175097K->175097K(175104K)] 204793K->204793K(233472K), [Metaspace: 9153K->9153K(1058816K)], 0.0219872 secs] [Times: user=0.02 sys=0.00, real=0.02 secs] 
2018-03-10T15:21:04.308+0300: 27.922: [Full GC (Ergonomics) [PSYoungGen: 29695K->29695K(58368K)] [ParOldGen: 175102K->175098K(175104K)] 204798K->204794K(233472K), [Metaspace: 9158K->9158K(1058816K)], 0.0229059 secs] [Times: user=0.06 sys=0.00, real=0.02 secs] 
2018-03-10T15:21:04.331+0300: 27.945: [Full GC (Ergonomics) [PSYoungGen: 29695K->29695K(58368K)] [ParOldGen: 175098K->175098K(175104K)] 204794K->204794K(233472K), [Metaspace: 9158K->9158K(1058816K)], 0.0230072 secs] [Times: user=0.02 sys=0.00, real=0.02 secs] 
2018-03-10T15:21:04.355+0300: 27.969: [Full GC (Ergonomics) [PSYoungGen: 29696K->29693K(58368K)] [ParOldGen: 175101K->175095K(175104K)] 204797K->204788K(233472K), [Metaspace: 9159K->9159K(1058816K)], 0.0661587 secs] [Times: user=0.16 sys=0.00, real=0.07 secs] 
2018-03-10T15:21:04.421+0300: 28.035: [Full GC (Ergonomics) [PSYoungGen: 29696K->29695K(58368K)] [ParOldGen: 175095K->175094K(175104K)] 204791K->204790K(233472K), [Metaspace: 9159K->9159K(1058816K)], 0.0634559 secs] [Times: user=0.16 sys=0.00, real=0.06 secs] 
2018-03-10T15:21:04.485+0300: 28.099: [Full GC (Ergonomics) [PSYoungGen: 29696K->29695K(58368K)] [ParOldGen: 175094K->175094K(175104K)] 204790K->204790K(233472K), [Metaspace: 9159K->9159K(1058816K)], 0.0256065 secs] [Times: user=0.06 sys=0.00, real=0.03 secs] 
2018-03-10T15:21:04.511+0300: 28.125: [Full GC (Ergonomics) [PSYoungGen: 29696K->29694K(58368K)] [ParOldGen: 175094K->175094K(175104K)] 204790K->204789K(233472K), [Metaspace: 9159K->9159K(1058816K)], 0.0225458 secs] [Times: user=0.06 sys=0.00, real=0.02 secs] 
2018-03-10T15:21:04.575+0300: 28.189: [Full GC (Ergonomics) [PSYoungGen: 29696K->29694K(58368K)] [ParOldGen: 175094K->175092K(175104K)] 204790K->204786K(233472K), [Metaspace: 9159K->9159K(1058816K)], 0.0651730 secs] [Times: user=0.20 sys=0.00, real=0.07 secs] 
2018-03-10T15:21:04.640+0300: 28.254: [Full GC (Ergonomics) [PSYoungGen: 29696K->29695K(58368K)] [ParOldGen: 175092K->175092K(175104K)] 204788K->204788K(233472K), [Metaspace: 9159K->9159K(1058816K)], 0.0294980 secs] [Times: user=0.05 sys=0.00, real=0.03 secs] 
2018-03-10T15:21:04.670+0300: 28.284: [Full GC (Ergonomics) [PSYoungGen: 29696K->29695K(58368K)] [ParOldGen: 175092K->175092K(175104K)] 204788K->204788K(233472K), [Metaspace: 9159K->9159K(1058816K)], 0.0238997 secs] [Times: user=0.09 sys=0.00, real=0.02 secs] 
2018-03-10T15:21:04.694+0300: 28.308: [Full GC (Ergonomics) [PSYoungGen: 29695K->29695K(58368K)] [ParOldGen: 175092K->175092K(175104K)] 204788K->204788K(233472K), [Metaspace: 9159K->9159K(1058816K)], 0.0220653 secs] [Times: user=0.06 sys=0.00, real=0.02 secs] 
2018-03-10T15:21:04.716+0300: 28.331: [Full GC (Ergonomics) [PSYoungGen: 29695K->29695K(58368K)] [ParOldGen: 175092K->175092K(175104K)] 204788K->204788K(233472K), [Metaspace: 9159K->9159K(1058816K)], 0.0236221 secs] [Times: user=0.11 sys=0.00, real=0.02 secs] 
2018-03-10T15:21:04.740+0300: 28.354: [Full GC (Ergonomics) [PSYoungGen: 29695K->29695K(58368K)] [ParOldGen: 175092K->175092K(175104K)] 204788K->204788K(233472K), [Metaspace: 9159K->9159K(1058816K)], 0.0239532 secs] [Times: user=0.05 sys=0.00, real=0.02 secs] 
2018-03-10T15:21:04.765+0300: 28.379: [Full GC (Ergonomics) [PSYoungGen: 29696K->29695K(58368K)] [ParOldGen: 175095K->175093K(175104K)] 204791K->204788K(233472K), [Metaspace: 9159K->9159K(1058816K)], 0.0267194 secs] [Times: user=0.06 sys=0.00, real=0.03 secs] 
2018-03-10T15:21:04.792+0300: 28.406: [Full GC (Ergonomics) [PSYoungGen: 29696K->29695K(58368K)] [ParOldGen: 175093K->175093K(175104K)] 204789K->204788K(233472K), [Metaspace: 9159K->9159K(1058816K)], 0.0241170 secs] [Times: user=0.09 sys=0.00, real=0.02 secs] 
2018-03-10T15:21:04.816+0300: 28.430: [Full GC (Ergonomics) [PSYoungGen: 29696K->29695K(58368K)] [ParOldGen: 175093K->175093K(175104K)] 204789K->204788K(233472K), [Metaspace: 9159K->9159K(1058816K)], 0.0244548 secs] [Times: user=0.02 sys=0.00, real=0.03 secs] 
2018-03-10T15:21:04.841+0300: 28.455: [Full GC (Ergonomics) [PSYoungGen: 29696K->29695K(58368K)] [ParOldGen: 175093K->175093K(175104K)] 204789K->204789K(233472K), [Metaspace: 9159K->9159K(1058816K)], 0.0227341 secs] [Times: user=0.12 sys=0.00, real=0.02 secs] 
2018-03-10T15:21:04.864+0300: 28.478: [Full GC (Ergonomics) [PSYoungGen: 29695K->29694K(58368K)] [ParOldGen: 175099K->175097K(175104K)] 204795K->204791K(233472K), [Metaspace: 9159K->9159K(1058816K)], 0.0642699 secs] [Times: user=0.16 sys=0.00, real=0.06 secs] 
2018-03-10T15:21:04.962+0300: 28.576: [Full GC (Ergonomics) [PSYoungGen: 29696K->29694K(58368K)] [ParOldGen: 175097K->175097K(175104K)] 204793K->204792K(233472K), [Metaspace: 9159K->9159K(1058816K)], 0.0623123 secs] [Times: user=0.13 sys=0.00, real=0.06 secs] 
2018-03-10T15:21:05.025+0300: 28.639: [Full GC (Ergonomics) [PSYoungGen: 29696K->29694K(58368K)] [ParOldGen: 175097K->175097K(175104K)] 204793K->204792K(233472K), [Metaspace: 9159K->9159K(1058816K)], 0.0238131 secs] [Times: user=0.05 sys=0.00, real=0.02 secs] 
2018-03-10T15:21:05.049+0300: 28.663: [Full GC (Ergonomics) [PSYoungGen: 29696K->29695K(58368K)] [ParOldGen: 175097K->175097K(175104K)] 204793K->204793K(233472K), [Metaspace: 9159K->9159K(1058816K)], 0.0226230 secs] [Times: user=0.02 sys=0.00, real=0.02 secs] 
2018-03-10T15:21:05.071+0300: 28.686: [Full GC (Ergonomics) [PSYoungGen: 29696K->29695K(58368K)] [ParOldGen: 175097K->175097K(175104K)] 204793K->204793K(233472K), [Metaspace: 9159K->9159K(1058816K)], 0.0230349 secs] [Times: user=0.06 sys=0.00, real=0.02 secs] 
2018-03-10T15:21:05.095+0300: 28.709: [Full GC (Ergonomics) [PSYoungGen: 29695K->29695K(58368K)] [ParOldGen: 175097K->175097K(175104K)] 204793K->204793K(233472K), [Metaspace: 9159K->9159K(1058816K)], 0.0267702 secs] [Times: user=0.01 sys=0.00, real=0.03 secs] 
2018-03-10T15:21:05.122+0300: 28.736: [Full GC (Ergonomics) [PSYoungGen: 29695K->29695K(58368K)] [ParOldGen: 175101K->175099K(175104K)] 204797K->204794K(233472K), [Metaspace: 9159K->9159K(1058816K)], 0.0692109 secs] [Times: user=0.20 sys=0.00, real=0.07 secs] 
2018-03-10T15:21:05.191+0300: 28.806: [Full GC (Ergonomics) [PSYoungGen: 29696K->29695K(58368K)] [ParOldGen: 175099K->175099K(175104K)] 204795K->204795K(233472K), [Metaspace: 9159K->9159K(1058816K)], 0.0241893 secs] [Times: user=0.02 sys=0.00, real=0.03 secs] 
2018-03-10T15:21:05.216+0300: 28.830: [Full GC (Ergonomics) [PSYoungGen: 29696K->29695K(58368K)] [ParOldGen: 175099K->175099K(175104K)] 204795K->204795K(233472K), [Metaspace: 9159K->9159K(1058816K)], 0.0291472 secs] [Times: user=0.08 sys=0.00, real=0.03 secs] 
2018-03-10T15:21:05.245+0300: 28.860: [Full GC (Ergonomics) [PSYoungGen: 29695K->29695K(58368K)] [ParOldGen: 175099K->175099K(175104K)] 204795K->204795K(233472K), [Metaspace: 9159K->9159K(1058816K)], 0.0631449 secs] [Times: user=0.20 sys=0.00, real=0.06 secs] 
2018-03-10T15:21:05.309+0300: 28.923: [Full GC (Ergonomics) [PSYoungGen: 29695K->29695K(58368K)] [ParOldGen: 175103K->175097K(175104K)] 204799K->204792K(233472K), [Metaspace: 9162K->9162K(1058816K)], 0.0637331 secs] [Times: user=0.19 sys=0.00, real=0.06 secs] 
2018-03-10T15:21:05.373+0300: 28.987: [Full GC (Ergonomics) [PSYoungGen: 29696K->29695K(58368K)] [ParOldGen: 175097K->175096K(175104K)] 204793K->204792K(233472K), [Metaspace: 9162K->9162K(1058816K)], 0.0535239 secs] [Times: user=0.16 sys=0.02, real=0.05 secs] 
2018-03-10T15:21:05.427+0300: 29.041: [Full GC (Ergonomics) [PSYoungGen: 29696K->29695K(58368K)] [ParOldGen: 175103K->175096K(175104K)] 204799K->204791K(233472K), [Metaspace: 9165K->9165K(1058816K)], 0.0237917 secs] [Times: user=0.05 sys=0.00, real=0.02 secs] 
2018-03-10T15:21:05.451+0300: 29.065: [Full GC (Ergonomics) [PSYoungGen: 29696K->29695K(58368K)] [ParOldGen: 175097K->175096K(175104K)] 204793K->204792K(233472K), [Metaspace: 9167K->9167K(1058816K)], 0.0251277 secs] [Times: user=0.06 sys=0.00, real=0.03 secs] 
2018-03-10T15:21:05.476+0300: 29.090: [Full GC (Ergonomics) [PSYoungGen: 29696K->29695K(58368K)] [ParOldGen: 175096K->175096K(175104K)] 204792K->204792K(233472K), [Metaspace: 9167K->9167K(1058816K)], 0.0250857 secs] [Times: user=0.06 sys=0.00, real=0.02 secs] 
2018-03-10T15:21:05.502+0300: 29.116: [Full GC (Ergonomics) [PSYoungGen: 29696K->29694K(58368K)] [ParOldGen: 175096K->175095K(175104K)] 204792K->204790K(233472K), [Metaspace: 9167K->9167K(1058816K)], 0.0234410 secs] [Times: user=0.02 sys=0.00, real=0.02 secs] 
2018-03-10T15:21:05.525+0300: 29.140: [Full GC (Ergonomics) [PSYoungGen: 29696K->29695K(58368K)] [ParOldGen: 175095K->175095K(175104K)] 204791K->204791K(233472K), [Metaspace: 9167K->9167K(1058816K)], 0.0262892 secs] [Times: user=0.11 sys=0.00, real=0.03 secs] 
2018-03-10T15:21:05.552+0300: 29.166: [Full GC (Ergonomics) [PSYoungGen: 29696K->29695K(58368K)] [ParOldGen: 175095K->175095K(175104K)] 204791K->204791K(233472K), [Metaspace: 9167K->9167K(1058816K)], 0.0248274 secs] [Times: user=0.05 sys=0.00, real=0.02 secs] 
2018-03-10T15:21:05.577+0300: 29.191: [Full GC (Ergonomics) [PSYoungGen: 29695K->29695K(58368K)] [ParOldGen: 175095K->175095K(175104K)] 204791K->204791K(233472K), [Metaspace: 9167K->9167K(1058816K)], 0.0264472 secs] [Times: user=0.06 sys=0.00, real=0.03 secs] 
2018-03-10T15:21:05.604+0300: 29.218: [Full GC (Ergonomics) [PSYoungGen: 29696K->29695K(58368K)] [ParOldGen: 175098K->175096K(175104K)] 204794K->204792K(233472K), [Metaspace: 9167K->9167K(1058816K)], 0.0267385 secs] [Times: user=0.09 sys=0.00, real=0.03 secs] 
2018-03-10T15:21:05.631+0300: 29.245: [Full GC (Ergonomics) [PSYoungGen: 29696K->29695K(58368K)] [ParOldGen: 175096K->175079K(175104K)] 204792K->204775K(233472K), [Metaspace: 9167K->9167K(1058816K)], 0.0652203 secs] [Times: user=0.19 sys=0.00, real=0.07 secs] 
2018-03-10T15:21:05.697+0300: 29.311: [Full GC (Ergonomics) [PSYoungGen: 29695K->29695K(58368K)] [ParOldGen: 175079K->175079K(175104K)] 204775K->204775K(233472K), [Metaspace: 9167K->9167K(1058816K)], 0.0561807 secs] [Times: user=0.17 sys=0.01, real=0.06 secs] 
Heap
 PSYoungGen      total 58368K, used 29695K [0x00000000fab00000, 0x0000000100000000, 0x0000000100000000)
  eden space 29696K, 99% used [0x00000000fab00000,0x00000000fc7ffff0,0x00000000fc800000)
  from space 28672K, 0% used [0x00000000fc800000,0x00000000fc800000,0x00000000fe400000)
  to   space 28672K, 0% used [0x00000000fe400000,0x00000000fe400000,0x0000000100000000)
 ParOldGen       total 175104K, used 175079K [0x00000000f0000000, 0x00000000fab00000, 0x00000000fab00000)
  object space 175104K, 99% used [0x00000000f0000000,0x00000000faaf9d50,0x00000000fab00000)
 Metaspace       used 9167K, capacity 9390K, committed 9984K, reserved 1058816K
  class space    used 1082K, capacity 1128K, committed 1280K, reserved 1048576K
