Java HotSpot(TM) 64-Bit Server VM (25.161-b12) for windows-amd64 JRE (1.8.0_161-b12), built on Dec 19 2017 17:52:25 by "java_re" with MS VC++ 10.0 (VS2010)
Memory: 4k page, physical 6272880k(2838648k free), swap 12543884k(8588116k free)
CommandLine flags: -XX:GCLogFileSize=1048576 -XX:InitialHeapSize=268435456 -XX:MaxHeapSize=268435456 -XX:+PrintGC -XX:+PrintGCDateStamps -XX:+PrintGCDetails -XX:+PrintGCTimeStamps -XX:+UseCompressedClassPointers -XX:+UseCompressedOops -XX:-UseLargePagesIndividualAllocation -XX:+UseParallelGC 
2018-02-24T19:50:38.669+0300: 27.378: [GC (Allocation Failure) [PSYoungGen: 65536K->10738K(76288K)] 65536K->17210K(251392K), 0.0095571 secs] [Times: user=0.02 sys=0.02, real=0.01 secs] 
2018-02-24T19:51:09.793+0300: 58.501: [GC (Allocation Failure) [PSYoungGen: 76274K->10731K(76288K)] 82746K->41443K(251392K), 0.0172365 secs] [Times: user=0.03 sys=0.00, real=0.02 secs] 
2018-02-24T19:51:34.960+0300: 83.668: [GC (Allocation Failure) [PSYoungGen: 76267K->10729K(76288K)] 106979K->71315K(251392K), 0.0201651 secs] [Times: user=0.05 sys=0.01, real=0.02 secs] 
2018-02-24T19:52:04.131+0300: 112.838: [GC (Allocation Failure) [PSYoungGen: 76265K->10741K(76288K)] 136851K->104992K(251392K), 0.0201155 secs] [Times: user=0.05 sys=0.01, real=0.02 secs] 
2018-02-24T19:52:20.256+0300: 128.963: [GC (Allocation Failure) [PSYoungGen: 76277K->10741K(74752K)] 170528K->140392K(249856K), 0.0196684 secs] [Times: user=0.03 sys=0.00, real=0.02 secs] 
2018-02-24T19:52:20.276+0300: 128.983: [Full GC (Ergonomics) [PSYoungGen: 10741K->0K(74752K)] [ParOldGen: 129650K->85508K(175104K)] 140392K->85508K(249856K), [Metaspace: 9626K->9626K(1058816K)], 0.0529831 secs] [Times: user=0.11 sys=0.00, real=0.05 secs] 
2018-02-24T19:52:20.337+0300: 129.044: [GC (Allocation Failure) [PSYoungGen: 64000K->10720K(40448K)] 149508K->119149K(215552K), 0.0084661 secs] [Times: user=0.05 sys=0.00, real=0.01 secs] 
2018-02-24T19:52:20.350+0300: 129.057: [GC (Allocation Failure) [PSYoungGen: 40402K->27072K(58368K)] 148831K->135509K(233472K), 0.0057031 secs] [Times: user=0.00 sys=0.00, real=0.01 secs] 
2018-02-24T19:52:20.360+0300: 129.067: [GC (Allocation Failure) [PSYoungGen: 56768K->28654K(58368K)] 165205K->148549K(233472K), 0.0085464 secs] [Times: user=0.00 sys=0.00, real=0.01 secs] 
2018-02-24T19:52:20.372+0300: 129.079: [GC (Allocation Failure) [PSYoungGen: 58334K->28642K(58368K)] 178229K->161815K(233472K), 0.0096044 secs] [Times: user=0.06 sys=0.00, real=0.01 secs] 
2018-02-24T19:52:20.382+0300: 129.088: [Full GC (Ergonomics) [PSYoungGen: 28642K->0K(58368K)] [ParOldGen: 133173K->161225K(175104K)] 161815K->161225K(233472K), [Metaspace: 9632K->9632K(1058816K)], 0.0421097 secs] [Times: user=0.14 sys=0.05, real=0.04 secs] 
2018-02-24T19:52:21.501+0300: 130.208: [Full GC (Ergonomics) [PSYoungGen: 29696K->0K(58368K)] [ParOldGen: 161225K->170563K(175104K)] 190921K->170563K(233472K), [Metaspace: 9634K->9634K(1058816K)], 0.0618142 secs] [Times: user=0.16 sys=0.00, real=0.06 secs] 
2018-02-24T19:52:21.567+0300: 130.274: [Full GC (Ergonomics) [PSYoungGen: 29696K->10449K(58368K)] [ParOldGen: 170563K->174895K(175104K)] 200259K->185345K(233472K), [Metaspace: 9636K->9636K(1058816K)], 0.0307971 secs] [Times: user=0.09 sys=0.00, real=0.03 secs] 
2018-02-24T19:52:21.600+0300: 130.307: [Full GC (Ergonomics) [PSYoungGen: 29696K->20005K(58368K)] [ParOldGen: 174895K->174895K(175104K)] 204591K->194901K(233472K), [Metaspace: 9636K->9636K(1058816K)], 0.0300207 secs] [Times: user=0.06 sys=0.00, real=0.03 secs] 
2018-02-24T19:52:21.632+0300: 130.339: [Full GC (Ergonomics) [PSYoungGen: 29696K->24808K(58368K)] [ParOldGen: 174895K->174626K(175104K)] 204591K->199434K(233472K), [Metaspace: 9637K->9555K(1058816K)], 0.0838226 secs] [Times: user=0.27 sys=0.00, real=0.08 secs] 
2018-02-24T19:52:21.717+0300: 130.424: [Full GC (Ergonomics) [PSYoungGen: 29686K->27162K(58368K)] [ParOldGen: 174626K->174626K(175104K)] 204312K->201788K(233472K), [Metaspace: 9556K->9556K(1058816K)], 0.0270391 secs] [Times: user=0.06 sys=0.00, real=0.03 secs] 
2018-02-24T19:52:21.744+0300: 130.451: [Full GC (Ergonomics) [PSYoungGen: 29696K->28378K(58368K)] [ParOldGen: 174626K->174626K(175104K)] 204322K->203005K(233472K), [Metaspace: 9557K->9557K(1058816K)], 0.0274313 secs] [Times: user=0.08 sys=0.00, real=0.03 secs] 
2018-02-24T19:52:21.772+0300: 130.479: [Full GC (Ergonomics) [PSYoungGen: 29688K->29014K(58368K)] [ParOldGen: 174626K->174626K(175104K)] 204315K->203640K(233472K), [Metaspace: 9557K->9557K(1058816K)], 0.0279364 secs] [Times: user=0.08 sys=0.02, real=0.03 secs] 
2018-02-24T19:52:21.801+0300: 130.508: [Full GC (Ergonomics) [PSYoungGen: 29696K->29332K(58368K)] [ParOldGen: 174626K->174626K(175104K)] 204322K->203959K(233472K), [Metaspace: 9557K->9557K(1058816K)], 0.0273215 secs] [Times: user=0.09 sys=0.00, real=0.03 secs] 
2018-02-24T19:52:21.828+0300: 130.535: [Full GC (Ergonomics) [PSYoungGen: 29687K->29499K(58368K)] [ParOldGen: 174626K->174626K(175104K)] 204313K->204125K(233472K), [Metaspace: 9557K->9557K(1058816K)], 0.0267205 secs] [Times: user=0.08 sys=0.00, real=0.03 secs] 
2018-02-24T19:52:21.855+0300: 130.562: [Full GC (Ergonomics) [PSYoungGen: 29685K->29593K(58368K)] [ParOldGen: 174626K->174626K(175104K)] 204312K->204220K(233472K), [Metaspace: 9557K->9557K(1058816K)], 0.0262631 secs] [Times: user=0.06 sys=0.00, real=0.03 secs] 
2018-02-24T19:52:21.882+0300: 130.589: [Full GC (Ergonomics) [PSYoungGen: 29688K->29629K(58368K)] [ParOldGen: 174626K->174626K(175104K)] 204314K->204256K(233472K), [Metaspace: 9557K->9557K(1058816K)], 0.0283501 secs] [Times: user=0.08 sys=0.00, real=0.03 secs] 
2018-02-24T19:52:21.910+0300: 130.617: [Full GC (Ergonomics) [PSYoungGen: 29693K->29651K(58368K)] [ParOldGen: 174626K->174626K(175104K)] 204319K->204277K(233472K), [Metaspace: 9557K->9557K(1058816K)], 0.0269039 secs] [Times: user=0.13 sys=0.00, real=0.03 secs] 
2018-02-24T19:52:21.937+0300: 130.644: [Full GC (Ergonomics) [PSYoungGen: 29688K->29663K(58368K)] [ParOldGen: 174626K->174626K(175104K)] 204314K->204289K(233472K), [Metaspace: 9557K->9557K(1058816K)], 0.0263858 secs] [Times: user=0.08 sys=0.00, real=0.03 secs] 
2018-02-24T19:52:21.964+0300: 130.671: [Full GC (Ergonomics) [PSYoungGen: 29690K->29675K(58368K)] [ParOldGen: 174626K->174626K(175104K)] 204316K->204301K(233472K), [Metaspace: 9557K->9557K(1058816K)], 0.0276138 secs] [Times: user=0.06 sys=0.00, real=0.03 secs] 
2018-02-24T19:52:21.992+0300: 130.699: [Full GC (Ergonomics) [PSYoungGen: 29695K->29675K(58368K)] [ParOldGen: 174626K->174626K(175104K)] 204322K->204301K(233472K), [Metaspace: 9557K->9557K(1058816K)], 0.0263702 secs] [Times: user=0.08 sys=0.00, real=0.03 secs] 
2018-02-24T19:52:22.018+0300: 130.725: [Full GC (Ergonomics) [PSYoungGen: 29689K->29687K(58368K)] [ParOldGen: 174626K->174626K(175104K)] 204315K->204313K(233472K), [Metaspace: 9557K->9557K(1058816K)], 0.0268512 secs] [Times: user=0.13 sys=0.00, real=0.03 secs] 
2018-02-24T19:52:22.046+0300: 130.753: [Full GC (Ergonomics) [PSYoungGen: 29696K->29675K(58368K)] [ParOldGen: 175042K->174840K(175104K)] 204738K->204516K(233472K), [Metaspace: 9557K->9557K(1058816K)], 0.0263372 secs] [Times: user=0.06 sys=0.00, real=0.03 secs] 
2018-02-24T19:52:22.072+0300: 130.779: [Full GC (Ergonomics) [PSYoungGen: 29691K->29687K(58368K)] [ParOldGen: 174840K->174840K(175104K)] 204532K->204528K(233472K), [Metaspace: 9557K->9557K(1058816K)], 0.0266312 secs] [Times: user=0.08 sys=0.00, real=0.03 secs] 
2018-02-24T19:52:22.099+0300: 130.806: [Full GC (Ergonomics) [PSYoungGen: 29696K->29676K(58368K)] [ParOldGen: 175102K->174983K(175104K)] 204798K->204660K(233472K), [Metaspace: 9557K->9557K(1058816K)], 0.0273693 secs] [Times: user=0.08 sys=0.00, real=0.03 secs] 
2018-02-24T19:52:22.127+0300: 130.834: [Full GC (Ergonomics) [PSYoungGen: 29696K->29689K(58368K)] [ParOldGen: 174983K->174971K(175104K)] 204679K->204660K(233472K), [Metaspace: 9557K->9557K(1058816K)], 0.0265313 secs] [Times: user=0.12 sys=0.00, real=0.03 secs] 
2018-02-24T19:52:22.154+0300: 130.860: [Full GC (Ergonomics) [PSYoungGen: 29696K->29689K(58368K)] [ParOldGen: 175102K->175043K(175104K)] 204798K->204732K(233472K), [Metaspace: 9557K->9557K(1058816K)], 0.0271314 secs] [Times: user=0.06 sys=0.00, real=0.03 secs] 
2018-02-24T19:52:22.181+0300: 130.888: [Full GC (Ergonomics) [PSYoungGen: 29696K->29690K(58368K)] [ParOldGen: 175102K->175066K(175104K)] 204798K->204757K(233472K), [Metaspace: 9557K->9557K(1058816K)], 0.0263291 secs] [Times: user=0.08 sys=0.00, real=0.03 secs] 
2018-02-24T19:52:22.208+0300: 130.914: [Full GC (Ergonomics) [PSYoungGen: 29696K->29691K(58368K)] [ParOldGen: 175103K->175091K(175104K)] 204799K->204783K(233472K), [Metaspace: 9557K->9557K(1058816K)], 0.0267780 secs] [Times: user=0.13 sys=0.00, real=0.03 secs] 
2018-02-24T19:52:22.234+0300: 130.941: [Full GC (Ergonomics) [PSYoungGen: 29696K->29691K(58368K)] [ParOldGen: 175103K->175091K(175104K)] 204799K->204783K(233472K), [Metaspace: 9557K->9557K(1058816K)], 0.0262247 secs] [Times: user=0.08 sys=0.00, real=0.03 secs] 
2018-02-24T19:52:22.261+0300: 130.968: [Full GC (Ergonomics) [PSYoungGen: 29696K->29691K(58368K)] [ParOldGen: 175103K->175103K(175104K)] 204799K->204795K(233472K), [Metaspace: 9557K->9557K(1058816K)], 0.0276598 secs] [Times: user=0.06 sys=0.00, real=0.03 secs] 
2018-02-24T19:52:22.289+0300: 130.996: [Full GC (Ergonomics) [PSYoungGen: 29693K->29691K(58368K)] [ParOldGen: 175103K->175103K(175104K)] 204797K->204795K(233472K), [Metaspace: 9557K->9557K(1058816K)], 0.0274411 secs] [Times: user=0.08 sys=0.00, real=0.03 secs] 
2018-02-24T19:52:22.317+0300: 131.024: [Full GC (Allocation Failure) [PSYoungGen: 29691K->29691K(58368K)] [ParOldGen: 175103K->175008K(175104K)] 204795K->204700K(233472K), [Metaspace: 9557K->9493K(1058816K)], 0.0744659 secs] [Times: user=0.30 sys=0.00, real=0.07 secs] 
2018-02-24T19:52:22.391+0300: 131.098: [Full GC (Ergonomics) [PSYoungGen: 29695K->29692K(58368K)] [ParOldGen: 175092K->175044K(175104K)] 204788K->204736K(233472K), [Metaspace: 9493K->9493K(1058816K)], 0.0266375 secs] [Times: user=0.13 sys=0.00, real=0.03 secs] 
2018-02-24T19:52:22.418+0300: 131.125: [Full GC (Ergonomics) [PSYoungGen: 29696K->29692K(58368K)] [ParOldGen: 175092K->175068K(175104K)] 204788K->204761K(233472K), [Metaspace: 9493K->9493K(1058816K)], 0.0263041 secs] [Times: user=0.06 sys=0.00, real=0.03 secs] 
2018-02-24T19:52:22.445+0300: 131.152: [Full GC (Ergonomics) [PSYoungGen: 29696K->29692K(58368K)] [ParOldGen: 175092K->175080K(175104K)] 204788K->204773K(233472K), [Metaspace: 9493K->9493K(1058816K)], 0.0265982 secs] [Times: user=0.08 sys=0.00, real=0.03 secs] 
2018-02-24T19:52:22.472+0300: 131.179: [Full GC (Ergonomics) [PSYoungGen: 29692K->29692K(58368K)] [ParOldGen: 175092K->175092K(175104K)] 204785K->204785K(233472K), [Metaspace: 9493K->9493K(1058816K)], 0.0262823 secs] [Times: user=0.12 sys=0.00, real=0.03 secs] 
2018-02-24T19:52:22.498+0300: 131.205: [Full GC (Allocation Failure) [PSYoungGen: 29692K->29692K(58368K)] [ParOldGen: 175092K->175092K(175104K)] 204785K->204785K(233472K), [Metaspace: 9493K->9493K(1058816K)], 0.0269690 secs] [Times: user=0.06 sys=0.00, real=0.03 secs] 
2018-02-24T19:52:22.525+0300: 131.232: [Full GC (Ergonomics) [PSYoungGen: 29696K->29694K(58368K)] [ParOldGen: 175094K->175082K(175104K)] 204790K->204777K(233472K), [Metaspace: 9493K->9493K(1058816K)], 0.0700345 secs] [Times: user=0.26 sys=0.00, real=0.07 secs] 
2018-02-24T19:52:22.596+0300: 131.303: [Full GC (Ergonomics) [PSYoungGen: 29696K->29695K(58368K)] [ParOldGen: 175082K->175082K(175104K)] 204778K->204777K(233472K), [Metaspace: 9493K->9493K(1058816K)], 0.0272702 secs] [Times: user=0.11 sys=0.00, real=0.03 secs] 
2018-02-24T19:52:22.623+0300: 131.330: [Full GC (Ergonomics) [PSYoungGen: 29696K->29695K(58368K)] [ParOldGen: 175082K->175082K(175104K)] 204778K->204777K(233472K), [Metaspace: 9493K->9493K(1058816K)], 0.0284714 secs] [Times: user=0.13 sys=0.00, real=0.03 secs] 
2018-02-24T19:52:22.652+0300: 131.359: [Full GC (Ergonomics) [PSYoungGen: 29696K->29695K(58368K)] [ParOldGen: 175082K->175082K(175104K)] 204778K->204777K(233472K), [Metaspace: 9493K->9493K(1058816K)], 0.0268534 secs] [Times: user=0.06 sys=0.00, real=0.03 secs] 
2018-02-24T19:52:22.679+0300: 131.386: [Full GC (Ergonomics) [PSYoungGen: 29696K->29695K(58368K)] [ParOldGen: 175087K->175084K(175104K)] 204783K->204779K(233472K), [Metaspace: 9494K->9494K(1058816K)], 0.0268405 secs] [Times: user=0.08 sys=0.00, real=0.03 secs] 
2018-02-24T19:52:22.706+0300: 131.413: [Full GC (Ergonomics) [PSYoungGen: 29696K->29695K(58368K)] [ParOldGen: 175084K->175084K(175104K)] 204780K->204779K(233472K), [Metaspace: 9496K->9496K(1058816K)], 0.0266843 secs] [Times: user=0.13 sys=0.00, real=0.03 secs] 
2018-02-24T19:52:22.733+0300: 131.440: [Full GC (Ergonomics) [PSYoungGen: 29696K->29695K(58368K)] [ParOldGen: 175084K->175084K(175104K)] 204780K->204779K(233472K), [Metaspace: 9496K->9496K(1058816K)], 0.0265210 secs] [Times: user=0.08 sys=0.00, real=0.03 secs] 
2018-02-24T19:52:22.760+0300: 131.467: [Full GC (Ergonomics) [PSYoungGen: 29696K->29695K(58368K)] [ParOldGen: 175084K->175084K(175104K)] 204780K->204779K(233472K), [Metaspace: 9496K->9496K(1058816K)], 0.0275857 secs] [Times: user=0.06 sys=0.00, real=0.03 secs] 
2018-02-24T19:52:22.788+0300: 131.495: [Full GC (Ergonomics) [PSYoungGen: 29696K->29695K(58368K)] [ParOldGen: 175084K->175084K(175104K)] 204780K->204779K(233472K), [Metaspace: 9496K->9496K(1058816K)], 0.0267120 secs] [Times: user=0.08 sys=0.00, real=0.03 secs] 
2018-02-24T19:52:22.815+0300: 131.521: [Full GC (Ergonomics) [PSYoungGen: 29696K->29695K(58368K)] [ParOldGen: 175084K->175084K(175104K)] 204780K->204780K(233472K), [Metaspace: 9496K->9496K(1058816K)], 0.0266919 secs] [Times: user=0.12 sys=0.00, real=0.03 secs] 
2018-02-24T19:52:22.841+0300: 131.548: [Full GC (Ergonomics) [PSYoungGen: 29695K->29695K(58368K)] [ParOldGen: 175084K->175084K(175104K)] 204780K->204780K(233472K), [Metaspace: 9496K->9496K(1058816K)], 0.0263541 secs] [Times: user=0.06 sys=0.00, real=0.03 secs] 
2018-02-24T19:52:22.868+0300: 131.575: [Full GC (Ergonomics) [PSYoungGen: 29695K->29694K(58368K)] [ParOldGen: 175092K->175084K(175104K)] 204788K->204778K(233472K), [Metaspace: 9504K->9504K(1058816K)], 0.0267022 secs] [Times: user=0.08 sys=0.00, real=0.03 secs] 
2018-02-24T19:52:22.895+0300: 131.602: [Full GC (Ergonomics) [PSYoungGen: 29696K->29694K(58368K)] [ParOldGen: 175084K->175084K(175104K)] 204780K->204778K(233472K), [Metaspace: 9504K->9504K(1058816K)], 0.0267080 secs] [Times: user=0.13 sys=0.00, real=0.03 secs] 
2018-02-24T19:52:22.922+0300: 131.629: [Full GC (Ergonomics) [PSYoungGen: 29696K->29693K(58368K)] [ParOldGen: 175084K->175082K(175104K)] 204780K->204776K(233472K), [Metaspace: 9505K->9505K(1058816K)], 0.0623176 secs] [Times: user=0.25 sys=0.00, real=0.06 secs] 
2018-02-24T19:52:22.985+0300: 131.692: [Full GC (Ergonomics) [PSYoungGen: 29696K->29694K(58368K)] [ParOldGen: 175082K->175082K(175104K)] 204778K->204776K(233472K), [Metaspace: 9505K->9505K(1058816K)], 0.0267383 secs] [Times: user=0.13 sys=0.00, real=0.03 secs] 
2018-02-24T19:52:23.012+0300: 131.719: [Full GC (Ergonomics) [PSYoungGen: 29696K->29694K(58368K)] [ParOldGen: 175082K->175082K(175104K)] 204778K->204776K(233472K), [Metaspace: 9506K->9506K(1058816K)], 0.0268780 secs] [Times: user=0.06 sys=0.00, real=0.03 secs] 
2018-02-24T19:52:23.039+0300: 131.746: [Full GC (Ergonomics) [PSYoungGen: 29696K->29694K(58368K)] [ParOldGen: 175082K->175082K(175104K)] 204778K->204776K(233472K), [Metaspace: 9506K->9506K(1058816K)], 0.0263358 secs] [Times: user=0.08 sys=0.00, real=0.03 secs] 
2018-02-24T19:52:23.066+0300: 131.773: [Full GC (Ergonomics) [PSYoungGen: 29696K->29695K(58368K)] [ParOldGen: 175082K->175082K(175104K)] 204778K->204777K(233472K), [Metaspace: 9506K->9506K(1058816K)], 0.0261056 secs] [Times: user=0.13 sys=0.00, real=0.03 secs] 
2018-02-24T19:52:23.092+0300: 131.799: [Full GC (Ergonomics) [PSYoungGen: 29696K->29695K(58368K)] [ParOldGen: 175082K->175080K(175104K)] 204778K->204776K(233472K), [Metaspace: 9506K->9506K(1058816K)], 0.0272840 secs] [Times: user=0.08 sys=0.00, real=0.03 secs] 
2018-02-24T19:52:23.119+0300: 131.826: [Full GC (Ergonomics) [PSYoungGen: 29695K->29695K(58368K)] [ParOldGen: 175080K->175080K(175104K)] 204776K->204776K(233472K), [Metaspace: 9507K->9507K(1058816K)], 0.0263519 secs] [Times: user=0.06 sys=0.00, real=0.03 secs] 
2018-02-24T19:52:23.146+0300: 131.853: [Full GC (Ergonomics) [PSYoungGen: 29696K->29695K(58368K)] [ParOldGen: 175080K->175080K(175104K)] 204776K->204776K(233472K), [Metaspace: 9507K->9507K(1058816K)], 0.0269400 secs] [Times: user=0.08 sys=0.00, real=0.03 secs] 
2018-02-24T19:52:23.173+0300: 131.880: [Full GC (Ergonomics) [PSYoungGen: 29696K->29695K(58368K)] [ParOldGen: 175080K->175079K(175104K)] 204776K->204775K(233472K), [Metaspace: 9507K->9507K(1058816K)], 0.0626228 secs] [Times: user=0.25 sys=0.00, real=0.06 secs] 
2018-02-24T19:52:23.236+0300: 131.943: [Full GC (Ergonomics) [PSYoungGen: 29696K->29694K(58368K)] [ParOldGen: 175079K->175078K(175104K)] 204775K->204772K(233472K), [Metaspace: 9507K->9504K(1058816K)], 0.0636277 secs] [Times: user=0.23 sys=0.02, real=0.06 secs] 
2018-02-24T19:52:23.300+0300: 132.007: [Full GC (Ergonomics) [PSYoungGen: 29696K->29694K(58368K)] [ParOldGen: 175078K->175078K(175104K)] 204774K->204772K(233472K), [Metaspace: 9504K->9504K(1058816K)], 0.0269538 secs] [Times: user=0.08 sys=0.00, real=0.03 secs] 
2018-02-24T19:52:23.327+0300: 132.034: [Full GC (Ergonomics) [PSYoungGen: 29696K->29695K(58368K)] [ParOldGen: 175078K->175078K(175104K)] 204774K->204773K(233472K), [Metaspace: 9504K->9504K(1058816K)], 0.0267606 secs] [Times: user=0.13 sys=0.00, real=0.03 secs] 
2018-02-24T19:52:23.354+0300: 132.061: [Full GC (Ergonomics) [PSYoungGen: 29696K->29696K(58368K)] [ParOldGen: 175078K->175078K(175104K)] 204774K->204774K(233472K), [Metaspace: 9504K->9504K(1058816K)], 0.0262564 secs] [Times: user=0.06 sys=0.00, real=0.03 secs] 
2018-02-24T19:52:23.381+0300: 132.088: [Full GC (Ergonomics) [PSYoungGen: 29696K->29694K(58368K)] [ParOldGen: 175084K->175079K(175104K)] 204780K->204773K(233472K), [Metaspace: 9511K->9511K(1058816K)], 0.0633028 secs] [Times: user=0.17 sys=0.00, real=0.06 secs] 
2018-02-24T19:52:23.444+0300: 132.151: [Full GC (Ergonomics) [PSYoungGen: 29696K->29693K(58368K)] [ParOldGen: 175079K->175078K(175104K)] 204775K->204771K(233472K), [Metaspace: 9512K->9512K(1058816K)], 0.0269248 secs] [Times: user=0.08 sys=0.00, real=0.03 secs] 
2018-02-24T19:52:23.472+0300: 132.179: [Full GC (Ergonomics) [PSYoungGen: 29696K->29695K(58368K)] [ParOldGen: 175078K->175077K(175104K)] 204774K->204773K(233472K), [Metaspace: 9512K->9512K(1058816K)], 0.0643809 secs] [Times: user=0.25 sys=0.00, real=0.06 secs] 
2018-02-24T19:52:23.536+0300: 132.243: [Full GC (Ergonomics) [PSYoungGen: 29696K->29693K(58368K)] [ParOldGen: 175077K->175055K(175104K)] 204773K->204748K(233472K), [Metaspace: 9512K->9466K(1058816K)], 0.0719545 secs] [Times: user=0.26 sys=0.00, real=0.07 secs] 
2018-02-24T19:52:23.609+0300: 132.316: [Full GC (Ergonomics) [PSYoungGen: 29696K->29694K(58368K)] [ParOldGen: 175055K->175055K(175104K)] 204751K->204749K(233472K), [Metaspace: 9466K->9466K(1058816K)], 0.0269985 secs] [Times: user=0.13 sys=0.00, real=0.03 secs] 
2018-02-24T19:52:23.636+0300: 132.343: [Full GC (Ergonomics) [PSYoungGen: 29696K->29692K(58368K)] [ParOldGen: 175055K->175055K(175104K)] 204751K->204748K(233472K), [Metaspace: 9466K->9466K(1058816K)], 0.0261533 secs] [Times: user=0.06 sys=0.00, real=0.03 secs] 
2018-02-24T19:52:23.662+0300: 132.369: [Full GC (Ergonomics) [PSYoungGen: 29696K->29693K(58368K)] [ParOldGen: 175055K->175055K(175104K)] 204751K->204748K(233472K), [Metaspace: 9466K->9466K(1058816K)], 0.0270199 secs] [Times: user=0.08 sys=0.00, real=0.03 secs] 
2018-02-24T19:52:23.689+0300: 132.396: [Full GC (Ergonomics) [PSYoungGen: 29696K->29693K(58368K)] [ParOldGen: 175055K->175038K(175104K)] 204751K->204731K(233472K), [Metaspace: 9466K->9466K(1058816K)], 0.0521652 secs] [Times: user=0.17 sys=0.00, real=0.05 secs] 
2018-02-24T19:52:23.744+0300: 132.451: [Full GC (Ergonomics) [PSYoungGen: 29696K->29692K(58368K)] [ParOldGen: 175038K->175038K(175104K)] 204734K->204730K(233472K), [Metaspace: 9466K->9466K(1058816K)], 0.0267231 secs] [Times: user=0.06 sys=0.00, real=0.03 secs] 
2018-02-24T19:52:23.771+0300: 132.478: [Full GC (Ergonomics) [PSYoungGen: 29696K->29692K(58368K)] [ParOldGen: 175038K->175038K(175104K)] 204734K->204731K(233472K), [Metaspace: 9466K->9466K(1058816K)], 0.0269056 secs] [Times: user=0.06 sys=0.00, real=0.03 secs] 
2018-02-24T19:52:23.798+0300: 132.505: [Full GC (Ergonomics) [PSYoungGen: 29695K->29694K(58368K)] [ParOldGen: 175038K->175038K(175104K)] 204733K->204732K(233472K), [Metaspace: 9466K->9466K(1058816K)], 0.0266491 secs] [Times: user=0.11 sys=0.00, real=0.03 secs] 
2018-02-24T19:52:23.825+0300: 132.532: [Full GC (Ergonomics) [PSYoungGen: 29696K->29692K(58368K)] [ParOldGen: 175038K->175037K(175104K)] 204734K->204730K(233472K), [Metaspace: 9466K->9466K(1058816K)], 0.0535119 secs] [Times: user=0.19 sys=0.00, real=0.05 secs] 
2018-02-24T19:52:23.879+0300: 132.586: [Full GC (Ergonomics) [PSYoungGen: 29696K->29692K(58368K)] [ParOldGen: 175037K->175020K(175104K)] 204733K->204713K(233472K), [Metaspace: 9466K->9466K(1058816K)], 0.0529188 secs] [Times: user=0.19 sys=0.00, real=0.05 secs] 
Heap
 PSYoungGen      total 58368K, used 29692K [0x00000000fab00000, 0x0000000100000000, 0x0000000100000000)
  eden space 29696K, 99% used [0x00000000fab00000,0x00000000fc7ff3d8,0x00000000fc800000)
  from space 28672K, 0% used [0x00000000fc800000,0x00000000fc800000,0x00000000fe400000)
  to   space 28672K, 0% used [0x00000000fe400000,0x00000000fe400000,0x0000000100000000)
 ParOldGen       total 175104K, used 175020K [0x00000000f0000000, 0x00000000fab00000, 0x00000000fab00000)
  object space 175104K, 99% used [0x00000000f0000000,0x00000000faaeb0e0,0x00000000fab00000)
 Metaspace       used 9466K, capacity 9816K, committed 10240K, reserved 1058816K
  class space    used 1103K, capacity 1167K, committed 1280K, reserved 1048576K
2018-02-24T19:52:23.932+0300: 132.639: [Full GC (Ergonomics) [PSYoungGen: 29696K->29694K(58368K)] [ParOldGen: 175020K->175019K(175104K)] 204716K->204714K(233472K), [Metaspace: 9467K->9467K(1058816K)], 0.0471042 secs] [Times: user=0.17 sys=0.02, real=0.05 secs] 
