Java HotSpot(TM) 64-Bit Server VM (25.161-b12) for windows-amd64 JRE (1.8.0_161-b12), built on Dec 19 2017 17:52:25 by "java_re" with MS VC++ 10.0 (VS2010)
Memory: 4k page, physical 6272880k(2291716k free), swap 12543884k(7298924k free)
CommandLine flags: -XX:GCLogFileSize=1048576 -XX:InitialHeapSize=268435456 -XX:MaxHeapSize=268435456 -XX:+PrintGC -XX:+PrintGCDateStamps -XX:+PrintGCDetails -XX:+PrintGCTimeStamps -XX:+UseCompressedClassPointers -XX:+UseCompressedOops -XX:-UseLargePagesIndividualAllocation -XX:+UseSerialGC 
2018-03-10T15:46:15.655+0300: 2.629: [GC (Allocation Failure) 2018-03-10T15:46:15.655+0300: 2.629: [DefNew: 69952K->8703K(78656K), 0.0179529 secs] 69952K->18794K(253440K), 0.0181349 secs] [Times: user=0.01 sys=0.00, real=0.02 secs] 
2018-03-10T15:46:17.772+0300: 4.746: [GC (Allocation Failure) 2018-03-10T15:46:17.772+0300: 4.746: [DefNew: 78655K->8703K(78656K), 0.0292847 secs] 88746K->45728K(253440K), 0.0293699 secs] [Times: user=0.01 sys=0.02, real=0.03 secs] 
2018-03-10T15:46:19.834+0300: 6.809: [GC (Allocation Failure) 2018-03-10T15:46:19.834+0300: 6.809: [DefNew: 78655K->8703K(78656K), 0.0265418 secs] 115680K->74326K(253440K), 0.0266198 secs] [Times: user=0.02 sys=0.00, real=0.03 secs] 
2018-03-10T15:46:21.896+0300: 8.870: [GC (Allocation Failure) 2018-03-10T15:46:21.896+0300: 8.870: [DefNew: 78655K->8704K(78656K), 0.0329906 secs] 144278K->104677K(253440K), 0.0330803 secs] [Times: user=0.00 sys=0.01, real=0.03 secs] 
2018-03-10T15:46:23.986+0300: 10.961: [GC (Allocation Failure) 2018-03-10T15:46:23.986+0300: 10.961: [DefNew: 78656K->8704K(78656K), 0.0337224 secs] 174629K->137277K(253440K), 0.0338009 secs] [Times: user=0.03 sys=0.00, real=0.03 secs] 
2018-03-10T15:46:26.052+0300: 13.027: [GC (Allocation Failure) 2018-03-10T15:46:26.052+0300: 13.027: [DefNew: 78656K->8703K(78656K), 0.0294016 secs] 207229K->171326K(253440K), 0.0294752 secs] [Times: user=0.00 sys=0.03, real=0.03 secs] 
2018-03-10T15:46:28.114+0300: 15.089: [GC (Allocation Failure) 2018-03-10T15:46:28.114+0300: 15.089: [DefNew: 78655K->78655K(78656K), 0.0000236 secs]2018-03-10T15:46:28.114+0300: 15.089: [Tenured: 162622K->126139K(174784K), 0.0580656 secs] 241278K->126139K(253440K), [Metaspace: 9289K->9289K(1058816K)], 0.0581936 secs] [Times: user=0.06 sys=0.00, real=0.06 secs] 
2018-03-10T15:46:30.210+0300: 17.185: [GC (Allocation Failure) 2018-03-10T15:46:30.210+0300: 17.185: [DefNew: 69952K->8703K(78656K), 0.0124884 secs] 196091K->161033K(253440K), 0.0125527 secs] [Times: user=0.00 sys=0.00, real=0.01 secs] 
2018-03-10T15:46:33.298+0300: 20.272: [GC (Allocation Failure) 2018-03-10T15:46:33.298+0300: 20.272: [DefNew: 78655K->78655K(78656K), 0.0000241 secs]2018-03-10T15:46:33.298+0300: 20.272: [Tenured: 152329K->163305K(174784K), 0.0658026 secs] 230985K->163305K(253440K), [Metaspace: 9304K->9304K(1058816K)], 0.0659102 secs] [Times: user=0.06 sys=0.00, real=0.07 secs] 
2018-03-10T15:46:35.450+0300: 22.424: [GC (Allocation Failure) 2018-03-10T15:46:35.450+0300: 22.424: [DefNew: 69952K->69952K(78656K), 0.0000241 secs]2018-03-10T15:46:35.450+0300: 22.424: [Tenured: 163305K->174780K(174784K), 0.0738801 secs] 233257K->182117K(253440K), [Metaspace: 9313K->9313K(1058816K)], 0.0739913 secs] [Times: user=0.06 sys=0.00, real=0.07 secs] 
2018-03-10T15:46:37.572+0300: 24.546: [Full GC (Allocation Failure) 2018-03-10T15:46:37.572+0300: 24.546: [Tenured: 174780K->174780K(174784K), 0.0798328 secs] 253434K->193480K(253440K), [Metaspace: 9318K->9318K(1058816K)], 0.0799166 secs] [Times: user=0.08 sys=0.00, real=0.08 secs] 
2018-03-10T15:46:39.710+0300: 26.684: [Full GC (Allocation Failure) 2018-03-10T15:46:39.710+0300: 26.684: [Tenured: 174780K->174780K(174784K), 0.0828595 secs] 253434K->216252K(253440K), [Metaspace: 9336K->9336K(1058816K)], 0.0829407 secs] [Times: user=0.08 sys=0.00, real=0.08 secs] 
2018-03-10T15:46:40.820+0300: 27.795: [Full GC (Allocation Failure) 2018-03-10T15:46:40.821+0300: 27.795: [Tenured: 174780K->174782K(174784K), 0.0835502 secs] 253434K->228250K(253440K), [Metaspace: 9337K->9337K(1058816K)], 0.0836323 secs] [Times: user=0.08 sys=0.00, real=0.08 secs] 
2018-03-10T15:46:41.945+0300: 28.919: [Full GC (Allocation Failure) 2018-03-10T15:46:41.945+0300: 28.919: [Tenured: 174782K->174780K(174784K), 0.0839367 secs] 253436K->231651K(253440K), [Metaspace: 9338K->9338K(1058816K)], 0.0840268 secs] [Times: user=0.08 sys=0.00, real=0.08 secs] 
2018-03-10T15:46:43.057+0300: 30.032: [Full GC (Allocation Failure) 2018-03-10T15:46:43.057+0300: 30.032: [Tenured: 174782K->174783K(174784K), 0.0864587 secs] 253438K->227125K(253440K), [Metaspace: 9360K->9360K(1058816K)], 0.0865399 secs] [Times: user=0.09 sys=0.00, real=0.09 secs] 
2018-03-10T15:46:43.148+0300: 30.123: [Full GC (Allocation Failure) 2018-03-10T15:46:43.148+0300: 30.123: [Tenured: 174783K->174783K(174784K), 0.0346282 secs] 253434K->240269K(253440K), [Metaspace: 9365K->9365K(1058816K)], 0.0347085 secs] [Times: user=0.03 sys=0.00, real=0.04 secs] 
2018-03-10T15:46:44.211+0300: 31.185: [Full GC (Allocation Failure) 2018-03-10T15:46:44.211+0300: 31.185: [Tenured: 174783K->174777K(174784K), 0.0624988 secs] 253439K->246079K(253440K), [Metaspace: 9365K->9365K(1058816K)], 0.0626684 secs] [Times: user=0.06 sys=0.00, real=0.06 secs] 
2018-03-10T15:46:44.276+0300: 31.250: [Full GC (Allocation Failure) 2018-03-10T15:46:44.276+0300: 31.250: [Tenured: 174782K->174780K(174784K), 0.0604846 secs] 253435K->249718K(253440K), [Metaspace: 9248K->9248K(1058816K)], 0.0605676 secs] [Times: user=0.06 sys=0.00, real=0.06 secs] 
2018-03-10T15:46:44.338+0300: 31.312: [Full GC (Allocation Failure) 2018-03-10T15:46:44.338+0300: 31.312: [Tenured: 174780K->174780K(174784K), 0.0922645 secs] 253430K->242840K(253440K), [Metaspace: 9248K->9248K(1058816K)], 0.0923448 secs] [Times: user=0.09 sys=0.00, real=0.09 secs] 
2018-03-10T15:46:44.432+0300: 31.407: [Full GC (Allocation Failure) 2018-03-10T15:46:44.433+0300: 31.407: [Tenured: 174780K->174780K(174784K), 0.0368767 secs] 253434K->248141K(253440K), [Metaspace: 9251K->9251K(1058816K)], 0.0369637 secs] [Times: user=0.05 sys=0.00, real=0.04 secs] 
2018-03-10T15:46:45.495+0300: 32.470: [Full GC (Allocation Failure) 2018-03-10T15:46:45.495+0300: 32.470: [Tenured: 174780K->174780K(174784K), 0.0361150 secs] 253434K->250801K(253440K), [Metaspace: 9252K->9252K(1058816K)], 0.0361989 secs] [Times: user=0.05 sys=0.00, real=0.04 secs] 
2018-03-10T15:46:45.532+0300: 32.507: [Full GC (Allocation Failure) 2018-03-10T15:46:45.532+0300: 32.507: [Tenured: 174780K->174780K(174784K), 0.0361748 secs] 253436K->252124K(253440K), [Metaspace: 9252K->9252K(1058816K)], 0.0362596 secs] [Times: user=0.02 sys=0.00, real=0.04 secs] 
2018-03-10T15:46:45.569+0300: 32.544: [Full GC (Allocation Failure) 2018-03-10T15:46:45.569+0300: 32.544: [Tenured: 174780K->174782K(174784K), 0.0905675 secs] 253435K->246186K(253440K), [Metaspace: 9252K->9252K(1058816K)], 0.0906380 secs] [Times: user=0.09 sys=0.00, real=0.09 secs] 
2018-03-10T15:46:45.662+0300: 32.636: [Full GC (Allocation Failure) 2018-03-10T15:46:45.662+0300: 32.636: [Tenured: 174782K->174782K(174784K), 0.0366317 secs] 253438K->249817K(253440K), [Metaspace: 9252K->9252K(1058816K)], 0.0367067 secs] [Times: user=0.05 sys=0.00, real=0.04 secs] 
2018-03-10T15:46:45.700+0300: 32.674: [Full GC (Allocation Failure) 2018-03-10T15:46:45.700+0300: 32.674: [Tenured: 174782K->174782K(174784K), 0.0388941 secs] 253437K->251633K(253440K), [Metaspace: 9253K->9253K(1058816K)], 0.0389722 secs] [Times: user=0.03 sys=0.00, real=0.04 secs] 
2018-03-10T15:46:45.739+0300: 32.714: [Full GC (Allocation Failure) 2018-03-10T15:46:45.739+0300: 32.714: [Tenured: 174782K->174782K(174784K), 0.0371877 secs] 253433K->252532K(253440K), [Metaspace: 9254K->9254K(1058816K)], 0.0372868 secs] [Times: user=0.05 sys=0.00, real=0.04 secs] 
2018-03-10T15:46:45.778+0300: 32.752: [Full GC (Allocation Failure) 2018-03-10T15:46:45.778+0300: 32.752: [Tenured: 174782K->174782K(174784K), 0.0345738 secs] 253434K->252987K(253440K), [Metaspace: 9254K->9254K(1058816K)], 0.0346536 secs] [Times: user=0.03 sys=0.00, real=0.03 secs] 
2018-03-10T15:46:45.813+0300: 32.787: [Full GC (Allocation Failure) 2018-03-10T15:46:45.813+0300: 32.787: [Tenured: 174782K->174782K(174784K), 0.0342917 secs] 253434K->253208K(253440K), [Metaspace: 9254K->9254K(1058816K)], 0.0343591 secs] [Times: user=0.03 sys=0.00, real=0.03 secs] 
2018-03-10T15:46:45.847+0300: 32.822: [Full GC (Allocation Failure) 2018-03-10T15:46:45.847+0300: 32.822: [Tenured: 174782K->174782K(174784K), 0.0324823 secs] 253436K->253322K(253440K), [Metaspace: 9254K->9254K(1058816K)], 0.0325363 secs] [Times: user=0.03 sys=0.00, real=0.03 secs] 
2018-03-10T15:46:45.880+0300: 32.854: [Full GC (Allocation Failure) 2018-03-10T15:46:45.880+0300: 32.854: [Tenured: 174782K->174782K(174784K), 0.0325448 secs] 253437K->253383K(253440K), [Metaspace: 9254K->9254K(1058816K)], 0.0326019 secs] [Times: user=0.03 sys=0.00, real=0.03 secs] 
2018-03-10T15:46:45.913+0300: 32.887: [Full GC (Allocation Failure) 2018-03-10T15:46:45.913+0300: 32.887: [Tenured: 174782K->174782K(174784K), 0.0316006 secs] 253437K->253410K(253440K), [Metaspace: 9254K->9254K(1058816K)], 0.0316550 secs] [Times: user=0.03 sys=0.00, real=0.03 secs] 
2018-03-10T15:46:45.945+0300: 32.919: [Full GC (Allocation Failure) 2018-03-10T15:46:45.945+0300: 32.919: [Tenured: 174782K->174782K(174784K), 0.0329343 secs] 253437K->253424K(253440K), [Metaspace: 9254K->9254K(1058816K)], 0.0330044 secs] [Times: user=0.03 sys=0.00, real=0.03 secs] 
2018-03-10T15:46:45.978+0300: 32.952: [Full GC (Allocation Failure) 2018-03-10T15:46:45.978+0300: 32.952: [Tenured: 174782K->174782K(174784K), 0.0329053 secs] 253437K->253430K(253440K), [Metaspace: 9254K->9254K(1058816K)], 0.0329852 secs] [Times: user=0.05 sys=0.00, real=0.03 secs] 
2018-03-10T15:46:46.011+0300: 32.985: [Full GC (Allocation Failure) 2018-03-10T15:46:46.011+0300: 32.985: [Tenured: 174782K->174782K(174784K), 0.0322994 secs] 253437K->253431K(253440K), [Metaspace: 9254K->9254K(1058816K)], 0.0323627 secs] [Times: user=0.03 sys=0.00, real=0.03 secs] 
2018-03-10T15:46:46.043+0300: 33.018: [Full GC (Allocation Failure) 2018-03-10T15:46:46.043+0300: 33.018: [Tenured: 174782K->174782K(174784K), 0.0326015 secs] 253437K->253437K(253440K), [Metaspace: 9254K->9254K(1058816K)], 0.0326577 secs] [Times: user=0.03 sys=0.00, real=0.03 secs] 
2018-03-10T15:46:46.076+0300: 33.051: [Full GC (Allocation Failure) 2018-03-10T15:46:46.076+0300: 33.051: [Tenured: 174782K->174783K(174784K), 0.0755120 secs] 253437K->253404K(253440K), [Metaspace: 9254K->9254K(1058816K)], 0.0756722 secs] [Times: user=0.08 sys=0.00, real=0.08 secs] 
2018-03-10T15:46:46.152+0300: 33.127: [Full GC (Allocation Failure) 2018-03-10T15:46:46.152+0300: 33.127: [Tenured: 174783K->174783K(174784K), 0.0395759 secs] 253434K->253418K(253440K), [Metaspace: 9187K->9187K(1058816K)], 0.0396384 secs] [Times: user=0.03 sys=0.00, real=0.04 secs] 
2018-03-10T15:46:46.192+0300: 33.166: [Full GC (Allocation Failure) 2018-03-10T15:46:46.192+0300: 33.166: [Tenured: 174783K->174783K(174784K), 0.0319125 secs] 253434K->253424K(253440K), [Metaspace: 9187K->9187K(1058816K)], 0.0319660 secs] [Times: user=0.03 sys=0.00, real=0.03 secs] 
2018-03-10T15:46:46.224+0300: 33.199: [Full GC (Allocation Failure) 2018-03-10T15:46:46.224+0300: 33.199: [Tenured: 174783K->174783K(174784K), 0.0328589 secs] 253436K->253424K(253440K), [Metaspace: 9187K->9187K(1058816K)], 0.0329134 secs] [Times: user=0.01 sys=0.01, real=0.03 secs] 
2018-03-10T15:46:46.257+0300: 33.232: [Full GC (Allocation Failure) 2018-03-10T15:46:46.257+0300: 33.232: [Tenured: 174783K->174783K(174784K), 0.0321887 secs] 253433K->253431K(253440K), [Metaspace: 9187K->9187K(1058816K)], 0.0322445 secs] [Times: user=0.03 sys=0.00, real=0.03 secs] 
2018-03-10T15:46:46.289+0300: 33.264: [Full GC (Allocation Failure) 2018-03-10T15:46:46.289+0300: 33.264: [Tenured: 174783K->174783K(174784K), 0.0322092 secs] 253431K->253431K(253440K), [Metaspace: 9187K->9187K(1058816K)], 0.0322596 secs] [Times: user=0.03 sys=0.00, real=0.03 secs] 
2018-03-10T15:46:46.322+0300: 33.297: [Full GC (Allocation Failure) 2018-03-10T15:46:46.322+0300: 33.297: [Tenured: 174783K->174783K(174784K), 0.0353042 secs] 253439K->253431K(253440K), [Metaspace: 9187K->9187K(1058816K)], 0.0353725 secs] [Times: user=0.05 sys=0.00, real=0.04 secs] 
2018-03-10T15:46:46.358+0300: 33.333: [Full GC (Allocation Failure) 2018-03-10T15:46:46.358+0300: 33.333: [Tenured: 174783K->174783K(174784K), 0.0667232 secs] 253439K->253435K(253440K), [Metaspace: 9190K->9190K(1058816K)], 0.0667892 secs] [Times: user=0.06 sys=0.00, real=0.07 secs] 
2018-03-10T15:46:46.425+0300: 33.400: [Full GC (Allocation Failure) 2018-03-10T15:46:46.425+0300: 33.400: [Tenured: 174783K->174783K(174784K), 0.0368606 secs] 253439K->253436K(253440K), [Metaspace: 9194K->9194K(1058816K)], 0.0369303 secs] [Times: user=0.03 sys=0.00, real=0.04 secs] 
2018-03-10T15:46:46.463+0300: 33.437: [Full GC (Allocation Failure) 2018-03-10T15:46:46.463+0300: 33.437: [Tenured: 174783K->174783K(174784K), 0.0347076 secs] 253439K->253439K(253440K), [Metaspace: 9195K->9195K(1058816K)], 0.0347683 secs] [Times: user=0.03 sys=0.00, real=0.03 secs] 
2018-03-10T15:46:46.497+0300: 33.472: [Full GC (Allocation Failure) 2018-03-10T15:46:46.497+0300: 33.472: [Tenured: 174783K->174783K(174784K), 0.0349156 secs] 253439K->253439K(253440K), [Metaspace: 9195K->9195K(1058816K)], 0.0349727 secs] [Times: user=0.03 sys=0.00, real=0.04 secs] 
2018-03-10T15:46:46.533+0300: 33.507: [Full GC (Allocation Failure) 2018-03-10T15:46:46.533+0300: 33.507: [Tenured: 174783K->174783K(174784K), 0.0651146 secs] 253439K->253435K(253440K), [Metaspace: 9195K->9195K(1058816K)], 0.0651744 secs] [Times: user=0.06 sys=0.00, real=0.07 secs] 
2018-03-10T15:46:46.598+0300: 33.573: [Full GC (Allocation Failure) 2018-03-10T15:46:46.598+0300: 33.573: [Tenured: 174783K->174783K(174784K), 0.0346050 secs] 253439K->253437K(253440K), [Metaspace: 9196K->9196K(1058816K)], 0.0346621 secs] [Times: user=0.03 sys=0.00, real=0.03 secs] 
2018-03-10T15:46:46.633+0300: 33.607: [Full GC (Allocation Failure) 2018-03-10T15:46:46.633+0300: 33.607: [Tenured: 174783K->174783K(174784K), 0.0360003 secs] 253439K->253438K(253440K), [Metaspace: 9196K->9196K(1058816K)], 0.0360579 secs] [Times: user=0.05 sys=0.00, real=0.04 secs] 
2018-03-10T15:46:46.669+0300: 33.644: [Full GC (Allocation Failure) 2018-03-10T15:46:46.669+0300: 33.644: [Tenured: 174783K->174783K(174784K), 0.0341748 secs] 253439K->253439K(253440K), [Metaspace: 9196K->9196K(1058816K)], 0.0342382 secs] [Times: user=0.03 sys=0.00, real=0.03 secs] 
2018-03-10T15:46:46.704+0300: 33.678: [Full GC (Allocation Failure) 2018-03-10T15:46:46.704+0300: 33.678: [Tenured: 174783K->174783K(174784K), 0.0327518 secs] 253439K->253437K(253440K), [Metaspace: 9196K->9196K(1058816K)], 0.0328054 secs] [Times: user=0.03 sys=0.00, real=0.03 secs] 
2018-03-10T15:46:46.737+0300: 33.711: [Full GC (Allocation Failure) 2018-03-10T15:46:46.737+0300: 33.711: [Tenured: 174783K->174783K(174784K), 0.0351574 secs] 253439K->253439K(253440K), [Metaspace: 9196K->9196K(1058816K)], 0.0352127 secs] [Times: user=0.03 sys=0.00, real=0.04 secs] 
2018-03-10T15:46:46.772+0300: 33.747: [Full GC (Allocation Failure) 2018-03-10T15:46:46.772+0300: 33.747: [Tenured: 174783K->174783K(174784K), 0.0320995 secs] 253439K->253439K(253440K), [Metaspace: 9196K->9196K(1058816K)], 0.0321646 secs] [Times: user=0.03 sys=0.00, real=0.03 secs] 
2018-03-10T15:46:46.804+0300: 33.779: [Full GC (Allocation Failure) 2018-03-10T15:46:46.804+0300: 33.779: [Tenured: 174783K->174783K(174784K), 0.0336505 secs] 253439K->253439K(253440K), [Metaspace: 9196K->9196K(1058816K)], 0.0337094 secs] [Times: user=0.05 sys=0.00, real=0.03 secs] 
2018-03-10T15:46:46.838+0300: 33.813: [Full GC (Allocation Failure) 2018-03-10T15:46:46.838+0300: 33.813: [Tenured: 174783K->174783K(174784K), 0.0698557 secs] 253439K->253439K(253440K), [Metaspace: 9196K->9196K(1058816K)], 0.0699195 secs] [Times: user=0.06 sys=0.00, real=0.07 secs] 
2018-03-10T15:46:46.908+0300: 33.883: [Full GC (Allocation Failure) 2018-03-10T15:46:46.908+0300: 33.883: [Tenured: 174783K->174783K(174784K), 0.0338263 secs] 253439K->253439K(253440K), [Metaspace: 9196K->9196K(1058816K)], 0.0338888 secs] [Times: user=0.03 sys=0.00, real=0.03 secs] 
2018-03-10T15:46:46.942+0300: 33.917: [Full GC (Allocation Failure) 2018-03-10T15:46:46.942+0300: 33.917: [Tenured: 174783K->174783K(174784K), 0.0376888 secs] 253439K->253439K(253440K), [Metaspace: 9196K->9196K(1058816K)], 0.0377495 secs] [Times: user=0.05 sys=0.00, real=0.04 secs] 
2018-03-10T15:46:46.980+0300: 33.955: [Full GC (Allocation Failure) 2018-03-10T15:46:46.980+0300: 33.955: [Tenured: 174783K->174783K(174784K), 0.0318987 secs] 253439K->253439K(253440K), [Metaspace: 9196K->9196K(1058816K)], 0.0319571 secs] [Times: user=0.03 sys=0.00, real=0.03 secs] 
2018-03-10T15:46:47.013+0300: 33.987: [Full GC (Allocation Failure) 2018-03-10T15:46:47.013+0300: 33.987: [Tenured: 174783K->174781K(174784K), 0.0622088 secs] 253439K->253434K(253440K), [Metaspace: 9196K->9196K(1058816K)], 0.0622659 secs] [Times: user=0.06 sys=0.00, real=0.06 secs] 
2018-03-10T15:46:47.075+0300: 34.050: [Full GC (Allocation Failure) 2018-03-10T15:46:47.075+0300: 34.050: [Tenured: 174783K->174783K(174784K), 0.0372863 secs] 253439K->253436K(253440K), [Metaspace: 9200K->9200K(1058816K)], 0.0373533 secs] [Times: user=0.03 sys=0.00, real=0.04 secs] 
2018-03-10T15:46:47.113+0300: 34.088: [Full GC (Allocation Failure) 2018-03-10T15:46:47.113+0300: 34.088: [Tenured: 174783K->174783K(174784K), 0.0326907 secs] 253438K->253434K(253440K), [Metaspace: 9202K->9202K(1058816K)], 0.0327527 secs] [Times: user=0.03 sys=0.00, real=0.03 secs] 
2018-03-10T15:46:47.146+0300: 34.121: [Full GC (Allocation Failure) 2018-03-10T15:46:47.146+0300: 34.121: [Tenured: 174784K->174784K(174784K), 0.0323632 secs] 253439K->253435K(253440K), [Metaspace: 9209K->9209K(1058816K)], 0.0324288 secs] [Times: user=0.03 sys=0.00, real=0.03 secs] 
2018-03-10T15:46:47.179+0300: 34.154: [Full GC (Allocation Failure) 2018-03-10T15:46:47.179+0300: 34.154: [Tenured: 174784K->174778K(174784K), 0.0740247 secs] 253439K->253419K(253440K), [Metaspace: 9209K->9209K(1058816K)], 0.0740899 secs] [Times: user=0.08 sys=0.00, real=0.07 secs] 
Heap
 def new generation   total 78656K, used 78656K [0x00000000f0000000, 0x00000000f5550000, 0x00000000f5550000)
  eden space 69952K, 100% used [0x00000000f0000000, 0x00000000f4450000, 0x00000000f4450000)
  from space 8704K, 100% used [0x00000000f4cd0000, 0x00000000f5550000, 0x00000000f5550000)
  to   space 8704K,   0% used [0x00000000f4450000, 0x00000000f4450000, 0x00000000f4cd0000)
 tenured generation   total 174784K, used 174782K [0x00000000f5550000, 0x0000000100000000, 0x0000000100000000)
   the space 174784K,  99% used [0x00000000f5550000, 0x00000000fffffbd0, 0x00000000fffffc00, 0x0000000100000000)
 Metaspace       used 9209K, capacity 9466K, committed 9984K, reserved 1058816K
  class space    used 1083K, capacity 1130K, committed 1280K, reserved 1048576K
